Archive member included because of file (symbol)

d:/iti embedded training 2022/tools/01- imt sdk/imt_sdk_win_64/winavr/bin/../lib/gcc/avr/4.3.3/avr5\libgcc.a(_exit.o)
                              d:/iti embedded training 2022/tools/01- imt sdk/imt_sdk_win_64/winavr/bin/../lib/gcc/avr/4.3.3/../../../../avr/lib/avr5/crtm32.o (exit)
d:/iti embedded training 2022/tools/01- imt sdk/imt_sdk_win_64/winavr/bin/../lib/gcc/avr/4.3.3/avr5\libgcc.a(_copy_data.o)
                              ./HAL/KEYPAD/KEYPAD_PROGRAM.o (__do_copy_data)

Memory Configuration

Name             Origin             Length             Attributes
text             0x00000000         0x00020000         xr
data             0x00800060         0x0000ffa0         rw !x
eeprom           0x00810000         0x00010000         rw !x
fuse             0x00820000         0x00000400         rw !x
lock             0x00830000         0x00000400         rw !x
signature        0x00840000         0x00000400         rw !x
*default*        0x00000000         0xffffffff

Linker script and memory map

LOAD d:/iti embedded training 2022/tools/01- imt sdk/imt_sdk_win_64/winavr/bin/../lib/gcc/avr/4.3.3/../../../../avr/lib/avr5/crtm32.o
LOAD ./MCAL/SPI/SPI.o
LOAD ./MCAL/DIO/DIO_program.o
LOAD ./HAL/KEYPAD/KEYPAD_PROGRAM.o
LOAD ./HAL/Control_Input/Control_Input.o
LOAD ./APP/main.o
LOAD d:/iti embedded training 2022/tools/01- imt sdk/imt_sdk_win_64/winavr/bin/../lib/gcc/avr/4.3.3/avr5\libgcc.a
LOAD d:/iti embedded training 2022/tools/01- imt sdk/imt_sdk_win_64/winavr/bin/../lib/gcc/avr/4.3.3/../../../../avr/lib/avr5\libc.a
LOAD d:/iti embedded training 2022/tools/01- imt sdk/imt_sdk_win_64/winavr/bin/../lib/gcc/avr/4.3.3/avr5\libgcc.a

.hash
 *(.hash)

.dynsym
 *(.dynsym)

.dynstr
 *(.dynstr)

.gnu.version
 *(.gnu.version)

.gnu.version_d
 *(.gnu.version_d)

.gnu.version_r
 *(.gnu.version_r)

.rel.init
 *(.rel.init)

.rela.init
 *(.rela.init)

.rel.text
 *(.rel.text)
 *(.rel.text.*)
 *(.rel.gnu.linkonce.t*)

.rela.text
 *(.rela.text)
 *(.rela.text.*)
 *(.rela.gnu.linkonce.t*)

.rel.fini
 *(.rel.fini)

.rela.fini
 *(.rela.fini)

.rel.rodata
 *(.rel.rodata)
 *(.rel.rodata.*)
 *(.rel.gnu.linkonce.r*)

.rela.rodata
 *(.rela.rodata)
 *(.rela.rodata.*)
 *(.rela.gnu.linkonce.r*)

.rel.data
 *(.rel.data)
 *(.rel.data.*)
 *(.rel.gnu.linkonce.d*)

.rela.data
 *(.rela.data)
 *(.rela.data.*)
 *(.rela.gnu.linkonce.d*)

.rel.ctors
 *(.rel.ctors)

.rela.ctors
 *(.rela.ctors)

.rel.dtors
 *(.rel.dtors)

.rela.dtors
 *(.rela.dtors)

.rel.got
 *(.rel.got)

.rela.got
 *(.rela.got)

.rel.bss
 *(.rel.bss)

.rela.bss
 *(.rela.bss)

.rel.plt
 *(.rel.plt)

.rela.plt
 *(.rela.plt)

.text           0x00000000      0xb9c
 *(.vectors)
 .vectors       0x00000000       0x54 d:/iti embedded training 2022/tools/01- imt sdk/imt_sdk_win_64/winavr/bin/../lib/gcc/avr/4.3.3/../../../../avr/lib/avr5/crtm32.o
                0x00000000                __vectors
                0x00000000                __vector_default
 *(.vectors)
 *(.progmem.gcc*)
 *(.progmem*)
                0x00000054                . = ALIGN (0x2)
                0x00000054                __trampolines_start = .
 *(.trampolines)
 .trampolines   0x00000054        0x0 linker stubs
 *(.trampolines*)
                0x00000054                __trampolines_end = .
 *(.jumptables)
 *(.jumptables*)
 *(.lowtext)
 *(.lowtext*)
                0x00000054                __ctors_start = .
 *(.ctors)
                0x00000054                __ctors_end = .
                0x00000054                __dtors_start = .
 *(.dtors)
                0x00000054                __dtors_end = .
 SORT(*)(.ctors)
 SORT(*)(.dtors)
 *(.init0)
 .init0         0x00000054        0x0 d:/iti embedded training 2022/tools/01- imt sdk/imt_sdk_win_64/winavr/bin/../lib/gcc/avr/4.3.3/../../../../avr/lib/avr5/crtm32.o
                0x00000054                __init
 *(.init0)
 *(.init1)
 *(.init1)
 *(.init2)
 .init2         0x00000054        0xc d:/iti embedded training 2022/tools/01- imt sdk/imt_sdk_win_64/winavr/bin/../lib/gcc/avr/4.3.3/../../../../avr/lib/avr5/crtm32.o
 *(.init2)
 *(.init3)
 *(.init3)
 *(.init4)
 .init4         0x00000060       0x16 d:/iti embedded training 2022/tools/01- imt sdk/imt_sdk_win_64/winavr/bin/../lib/gcc/avr/4.3.3/avr5\libgcc.a(_copy_data.o)
                0x00000060                __do_copy_data
 *(.init4)
 *(.init5)
 *(.init5)
 *(.init6)
 *(.init6)
 *(.init7)
 *(.init7)
 *(.init8)
 *(.init8)
 *(.init9)
 .init9         0x00000076        0x8 d:/iti embedded training 2022/tools/01- imt sdk/imt_sdk_win_64/winavr/bin/../lib/gcc/avr/4.3.3/../../../../avr/lib/avr5/crtm32.o
 *(.init9)
 *(.text)
 .text          0x0000007e        0x4 d:/iti embedded training 2022/tools/01- imt sdk/imt_sdk_win_64/winavr/bin/../lib/gcc/avr/4.3.3/../../../../avr/lib/avr5/crtm32.o
                0x0000007e                __vector_1
                0x0000007e                __vector_12
                0x0000007e                __bad_interrupt
                0x0000007e                __vector_6
                0x0000007e                __vector_3
                0x0000007e                __vector_11
                0x0000007e                __vector_13
                0x0000007e                __vector_17
                0x0000007e                __vector_19
                0x0000007e                __vector_7
                0x0000007e                __vector_5
                0x0000007e                __vector_4
                0x0000007e                __vector_9
                0x0000007e                __vector_2
                0x0000007e                __vector_15
                0x0000007e                __vector_8
                0x0000007e                __vector_14
                0x0000007e                __vector_10
                0x0000007e                __vector_16
                0x0000007e                __vector_18
                0x0000007e                __vector_20
 .text          0x00000082        0x0 ./MCAL/SPI/SPI.o
 .text          0x00000082        0x0 ./MCAL/DIO/DIO_program.o
 .text          0x00000082        0x0 ./HAL/KEYPAD/KEYPAD_PROGRAM.o
 .text          0x00000082        0x0 ./HAL/Control_Input/Control_Input.o
 .text          0x00000082        0x0 ./APP/main.o
 .text          0x00000082        0x0 d:/iti embedded training 2022/tools/01- imt sdk/imt_sdk_win_64/winavr/bin/../lib/gcc/avr/4.3.3/avr5\libgcc.a(_exit.o)
 .text          0x00000082        0x0 d:/iti embedded training 2022/tools/01- imt sdk/imt_sdk_win_64/winavr/bin/../lib/gcc/avr/4.3.3/avr5\libgcc.a(_copy_data.o)
                0x00000082                . = ALIGN (0x2)
 *(.text.*)
 .text.SPI_InitMaster
                0x00000082       0x66 ./MCAL/SPI/SPI.o
                0x00000082                SPI_InitMaster
 .text.SPI_InitSlave
                0x000000e8       0x2a ./MCAL/SPI/SPI.o
                0x000000e8                SPI_InitSlave
 .text.SPI_SendRecieve
                0x00000112       0x2c ./MCAL/SPI/SPI.o
                0x00000112                SPI_SendRecieve
 .text.SPI_Send
                0x0000013e       0x26 ./MCAL/SPI/SPI.o
                0x0000013e                SPI_Send
 .text.SPI_Recieve
                0x00000164       0x1e ./MCAL/SPI/SPI.o
                0x00000164                SPI_Recieve
 .text.DIO_SetPinDirection
                0x00000182      0x2a8 ./MCAL/DIO/DIO_program.o
                0x00000182                DIO_SetPinDirection
 .text.DIO_SetPortDirection
                0x0000042a      0x10e ./MCAL/DIO/DIO_program.o
                0x0000042a                DIO_SetPortDirection
 .text.DIO_SetPinValue
                0x00000538      0x214 ./MCAL/DIO/DIO_program.o
                0x00000538                DIO_SetPinValue
 .text.DIO_SetPortValue
                0x0000074c       0x84 ./MCAL/DIO/DIO_program.o
                0x0000074c                DIO_SetPortValue
 .text.DIO_GetPinValue
                0x000007d0       0xf4 ./MCAL/DIO/DIO_program.o
                0x000007d0                DIO_GetPinValue
 .text.DIO_GetPortValue
                0x000008c4       0x86 ./MCAL/DIO/DIO_program.o
                0x000008c4                DIO_GetPortValue
 .text.KPD_GetPressedKey
                0x0000094a      0x1a6 ./HAL/KEYPAD/KEYPAD_PROGRAM.o
                0x0000094a                KPD_GetPressedKey
 .text.KPD_Init
                0x00000af0       0x5c ./HAL/KEYPAD/KEYPAD_PROGRAM.o
                0x00000af0                KPD_Init
 .text.Control_Init
                0x00000b4c       0x16 ./HAL/Control_Input/Control_Input.o
                0x00000b4c                Control_Init
 .text.Control_Input
                0x00000b62       0x24 ./HAL/Control_Input/Control_Input.o
                0x00000b62                Control_Input
 .text.main     0x00000b86       0x12 ./APP/main.o
                0x00000b86                main
 .text.libgcc   0x00000b98        0x0 d:/iti embedded training 2022/tools/01- imt sdk/imt_sdk_win_64/winavr/bin/../lib/gcc/avr/4.3.3/avr5\libgcc.a(_exit.o)
 .text.libgcc   0x00000b98        0x0 d:/iti embedded training 2022/tools/01- imt sdk/imt_sdk_win_64/winavr/bin/../lib/gcc/avr/4.3.3/avr5\libgcc.a(_copy_data.o)
                0x00000b98                . = ALIGN (0x2)
 *(.fini9)
 .fini9         0x00000b98        0x0 d:/iti embedded training 2022/tools/01- imt sdk/imt_sdk_win_64/winavr/bin/../lib/gcc/avr/4.3.3/avr5\libgcc.a(_exit.o)
                0x00000b98                exit
                0x00000b98                _exit
 *(.fini9)
 *(.fini8)
 *(.fini8)
 *(.fini7)
 *(.fini7)
 *(.fini6)
 *(.fini6)
 *(.fini5)
 *(.fini5)
 *(.fini4)
 *(.fini4)
 *(.fini3)
 *(.fini3)
 *(.fini2)
 *(.fini2)
 *(.fini1)
 *(.fini1)
 *(.fini0)
 .fini0         0x00000b98        0x4 d:/iti embedded training 2022/tools/01- imt sdk/imt_sdk_win_64/winavr/bin/../lib/gcc/avr/4.3.3/avr5\libgcc.a(_exit.o)
 *(.fini0)
                0x00000b9c                _etext = .

.data           0x00800060       0x10 load address 0x00000b9c
                0x00800060                PROVIDE (__data_start, .)
 *(.data)
 .data          0x00800060        0x0 d:/iti embedded training 2022/tools/01- imt sdk/imt_sdk_win_64/winavr/bin/../lib/gcc/avr/4.3.3/../../../../avr/lib/avr5/crtm32.o
 .data          0x00800060        0x0 ./MCAL/SPI/SPI.o
 .data          0x00800060        0x0 ./MCAL/DIO/DIO_program.o
 .data          0x00800060        0x0 ./HAL/KEYPAD/KEYPAD_PROGRAM.o
 .data          0x00800060        0x0 ./HAL/Control_Input/Control_Input.o
 .data          0x00800060        0x0 ./APP/main.o
 .data          0x00800060        0x0 d:/iti embedded training 2022/tools/01- imt sdk/imt_sdk_win_64/winavr/bin/../lib/gcc/avr/4.3.3/avr5\libgcc.a(_exit.o)
 .data          0x00800060        0x0 d:/iti embedded training 2022/tools/01- imt sdk/imt_sdk_win_64/winavr/bin/../lib/gcc/avr/4.3.3/avr5\libgcc.a(_copy_data.o)
 *(.data*)
 *(.rodata)
 *(.rodata*)
 .rodata.C.1.1254
                0x00800060        0x3 ./HAL/KEYPAD/KEYPAD_PROGRAM.o
 .rodata.C.0.1253
                0x00800063        0xc ./HAL/KEYPAD/KEYPAD_PROGRAM.o
 *(.gnu.linkonce.d*)
                0x00800070                . = ALIGN (0x2)
 *fill*         0x0080006f        0x1 00
                0x00800070                _edata = .
                0x00800070                PROVIDE (__data_end, .)

.bss            0x00800070        0x0
                0x00800070                PROVIDE (__bss_start, .)
 *(.bss)
 .bss           0x00800070        0x0 d:/iti embedded training 2022/tools/01- imt sdk/imt_sdk_win_64/winavr/bin/../lib/gcc/avr/4.3.3/../../../../avr/lib/avr5/crtm32.o
 .bss           0x00800070        0x0 ./MCAL/SPI/SPI.o
 .bss           0x00800070        0x0 ./MCAL/DIO/DIO_program.o
 .bss           0x00800070        0x0 ./HAL/KEYPAD/KEYPAD_PROGRAM.o
 .bss           0x00800070        0x0 ./HAL/Control_Input/Control_Input.o
 .bss           0x00800070        0x0 ./APP/main.o
 .bss           0x00800070        0x0 d:/iti embedded training 2022/tools/01- imt sdk/imt_sdk_win_64/winavr/bin/../lib/gcc/avr/4.3.3/avr5\libgcc.a(_exit.o)
 .bss           0x00800070        0x0 d:/iti embedded training 2022/tools/01- imt sdk/imt_sdk_win_64/winavr/bin/../lib/gcc/avr/4.3.3/avr5\libgcc.a(_copy_data.o)
 *(.bss*)
 *(COMMON)
                0x00800070                PROVIDE (__bss_end, .)
                0x00000b9c                __data_load_start = LOADADDR (.data)
                0x00000bac                __data_load_end = (__data_load_start + SIZEOF (.data))

.noinit         0x00800070        0x0
                0x00800070                PROVIDE (__noinit_start, .)
 *(.noinit*)
                0x00800070                PROVIDE (__noinit_end, .)
                0x00800070                _end = .
                0x00800070                PROVIDE (__heap_start, .)

.eeprom         0x00810000        0x0
 *(.eeprom*)
                0x00810000                __eeprom_end = .

.fuse
 *(.fuse)
 *(.lfuse)
 *(.hfuse)
 *(.efuse)

.lock
 *(.lock*)

.signature
 *(.signature*)

.stab           0x00000000      0xeac
 *(.stab)
 .stab          0x00000000      0x3a8 ./MCAL/SPI/SPI.o
 .stab          0x000003a8      0x5a0 ./MCAL/DIO/DIO_program.o
                                0x63c (size before relaxing)
 .stab          0x00000948      0x2b8 ./HAL/KEYPAD/KEYPAD_PROGRAM.o
                                0x3c0 (size before relaxing)
 .stab          0x00000c00      0x1a4 ./HAL/Control_Input/Control_Input.o
                                0x240 (size before relaxing)
 .stab          0x00000da4      0x108 ./APP/main.o
                                0x114 (size before relaxing)

.stabstr        0x00000000      0xa0c
 *(.stabstr)
 .stabstr       0x00000000      0xa0c ./MCAL/SPI/SPI.o

.stab.excl
 *(.stab.excl)

.stab.exclstr
 *(.stab.exclstr)

.stab.index
 *(.stab.index)

.stab.indexstr
 *(.stab.indexstr)

.comment
 *(.comment)

.debug
 *(.debug)

.line
 *(.line)

.debug_srcinfo
 *(.debug_srcinfo)

.debug_sfnames
 *(.debug_sfnames)

.debug_aranges
 *(.debug_aranges)

.debug_pubnames
 *(.debug_pubnames)

.debug_info
 *(.debug_info)
 *(.gnu.linkonce.wi.*)

.debug_abbrev
 *(.debug_abbrev)

.debug_line
 *(.debug_line)

.debug_frame
 *(.debug_frame)

.debug_str
 *(.debug_str)

.debug_loc
 *(.debug_loc)

.debug_macinfo
 *(.debug_macinfo)
OUTPUT(Smart_Home_MC3.elf elf32-avr)
LOAD linker stubs
