Archive member included because of file (symbol)

d:/iti embedded training 2022/tools/01- imt sdk/imt_sdk_win_64/winavr/bin/../lib/gcc/avr/4.3.3/avr5\libgcc.a(_exit.o)
                              d:/iti embedded training 2022/tools/01- imt sdk/imt_sdk_win_64/winavr/bin/../lib/gcc/avr/4.3.3/../../../../avr/lib/avr5/crtm32.o (exit)
d:/iti embedded training 2022/tools/01- imt sdk/imt_sdk_win_64/winavr/bin/../lib/gcc/avr/4.3.3/avr5\libgcc.a(_copy_data.o)
                              ./CTOS/MCAL/UART/UART_CONFIG.o (__do_copy_data)
d:/iti embedded training 2022/tools/01- imt sdk/imt_sdk_win_64/winavr/bin/../lib/gcc/avr/4.3.3/avr5\libgcc.a(_clear_bss.o)
                              ./CTOS/SERVICES/Scheduler/Scheduler.o (__do_clear_bss)
d:/iti embedded training 2022/tools/01- imt sdk/imt_sdk_win_64/winavr/bin/../lib/gcc/avr/4.3.3/avr5\libgcc.a(_fixunssfsi.o)
                              ./CTOS/HAL/Lights/Lights.o (__fixunssfsi)
d:/iti embedded training 2022/tools/01- imt sdk/imt_sdk_win_64/winavr/bin/../lib/gcc/avr/4.3.3/avr5\libgcc.a(_udivdi3.o)
                              ./CTOS/MCAL/UART/UART.o (__udivdi3)
d:/iti embedded training 2022/tools/01- imt sdk/imt_sdk_win_64/winavr/bin/../lib/gcc/avr/4.3.3/avr5\libgcc.a(_addsub_sf.o)
                              d:/iti embedded training 2022/tools/01- imt sdk/imt_sdk_win_64/winavr/bin/../lib/gcc/avr/4.3.3/avr5\libgcc.a(_fixunssfsi.o) (__subsf3)
d:/iti embedded training 2022/tools/01- imt sdk/imt_sdk_win_64/winavr/bin/../lib/gcc/avr/4.3.3/avr5\libgcc.a(_mul_sf.o)
                              ./CTOS/HAL/Lights/Lights.o (__mulsf3)
d:/iti embedded training 2022/tools/01- imt sdk/imt_sdk_win_64/winavr/bin/../lib/gcc/avr/4.3.3/avr5\libgcc.a(_div_sf.o)
                              ./CTOS/MCAL/ADC/ADC.o (__divsf3)
d:/iti embedded training 2022/tools/01- imt sdk/imt_sdk_win_64/winavr/bin/../lib/gcc/avr/4.3.3/avr5\libgcc.a(_ge_sf.o)
                              d:/iti embedded training 2022/tools/01- imt sdk/imt_sdk_win_64/winavr/bin/../lib/gcc/avr/4.3.3/avr5\libgcc.a(_fixunssfsi.o) (__gesf2)
d:/iti embedded training 2022/tools/01- imt sdk/imt_sdk_win_64/winavr/bin/../lib/gcc/avr/4.3.3/avr5\libgcc.a(_sf_to_si.o)
                              d:/iti embedded training 2022/tools/01- imt sdk/imt_sdk_win_64/winavr/bin/../lib/gcc/avr/4.3.3/avr5\libgcc.a(_fixunssfsi.o) (__fixsfsi)
d:/iti embedded training 2022/tools/01- imt sdk/imt_sdk_win_64/winavr/bin/../lib/gcc/avr/4.3.3/avr5\libgcc.a(_thenan_sf.o)
                              d:/iti embedded training 2022/tools/01- imt sdk/imt_sdk_win_64/winavr/bin/../lib/gcc/avr/4.3.3/avr5\libgcc.a(_addsub_sf.o) (__thenan_sf)
d:/iti embedded training 2022/tools/01- imt sdk/imt_sdk_win_64/winavr/bin/../lib/gcc/avr/4.3.3/avr5\libgcc.a(_usi_to_sf.o)
                              ./CTOS/MCAL/ADC/ADC.o (__floatunsisf)
d:/iti embedded training 2022/tools/01- imt sdk/imt_sdk_win_64/winavr/bin/../lib/gcc/avr/4.3.3/avr5\libgcc.a(_mulsi3.o)
                              d:/iti embedded training 2022/tools/01- imt sdk/imt_sdk_win_64/winavr/bin/../lib/gcc/avr/4.3.3/avr5\libgcc.a(_udivdi3.o) (__mulsi3)
d:/iti embedded training 2022/tools/01- imt sdk/imt_sdk_win_64/winavr/bin/../lib/gcc/avr/4.3.3/avr5\libgcc.a(_udivmodsi4.o)
                              d:/iti embedded training 2022/tools/01- imt sdk/imt_sdk_win_64/winavr/bin/../lib/gcc/avr/4.3.3/avr5\libgcc.a(_udivdi3.o) (__udivmodsi4)
d:/iti embedded training 2022/tools/01- imt sdk/imt_sdk_win_64/winavr/bin/../lib/gcc/avr/4.3.3/avr5\libgcc.a(_prologue.o)
                              d:/iti embedded training 2022/tools/01- imt sdk/imt_sdk_win_64/winavr/bin/../lib/gcc/avr/4.3.3/avr5\libgcc.a(_udivdi3.o) (__prologue_saves__)
d:/iti embedded training 2022/tools/01- imt sdk/imt_sdk_win_64/winavr/bin/../lib/gcc/avr/4.3.3/avr5\libgcc.a(_epilogue.o)
                              d:/iti embedded training 2022/tools/01- imt sdk/imt_sdk_win_64/winavr/bin/../lib/gcc/avr/4.3.3/avr5\libgcc.a(_udivdi3.o) (__epilogue_restores__)
d:/iti embedded training 2022/tools/01- imt sdk/imt_sdk_win_64/winavr/bin/../lib/gcc/avr/4.3.3/avr5\libgcc.a(_clz.o)
                              d:/iti embedded training 2022/tools/01- imt sdk/imt_sdk_win_64/winavr/bin/../lib/gcc/avr/4.3.3/avr5\libgcc.a(_udivdi3.o) (__clz_tab)
d:/iti embedded training 2022/tools/01- imt sdk/imt_sdk_win_64/winavr/bin/../lib/gcc/avr/4.3.3/avr5\libgcc.a(_clzsi2.o)
                              d:/iti embedded training 2022/tools/01- imt sdk/imt_sdk_win_64/winavr/bin/../lib/gcc/avr/4.3.3/avr5\libgcc.a(_usi_to_sf.o) (__clzsi2)
d:/iti embedded training 2022/tools/01- imt sdk/imt_sdk_win_64/winavr/bin/../lib/gcc/avr/4.3.3/avr5\libgcc.a(_pack_sf.o)
                              d:/iti embedded training 2022/tools/01- imt sdk/imt_sdk_win_64/winavr/bin/../lib/gcc/avr/4.3.3/avr5\libgcc.a(_addsub_sf.o) (__pack_f)
d:/iti embedded training 2022/tools/01- imt sdk/imt_sdk_win_64/winavr/bin/../lib/gcc/avr/4.3.3/avr5\libgcc.a(_unpack_sf.o)
                              d:/iti embedded training 2022/tools/01- imt sdk/imt_sdk_win_64/winavr/bin/../lib/gcc/avr/4.3.3/avr5\libgcc.a(_addsub_sf.o) (__unpack_f)
d:/iti embedded training 2022/tools/01- imt sdk/imt_sdk_win_64/winavr/bin/../lib/gcc/avr/4.3.3/avr5\libgcc.a(_fpcmp_parts_sf.o)
                              d:/iti embedded training 2022/tools/01- imt sdk/imt_sdk_win_64/winavr/bin/../lib/gcc/avr/4.3.3/avr5\libgcc.a(_ge_sf.o) (__fpcmp_parts_f)

Allocating common symbols
Common symbol       size              file

SCH_TaskArr         0x3c              ./CTOS/SERVICES/Scheduler/Scheduler.o
Control_union       0x1               ./CTOS/HAL/Control_Program/Program_Flow.o

Memory Configuration

Name             Origin             Length             Attributes
text             0x00000000         0x00020000         xr
data             0x00800060         0x0000ffa0         rw !x
eeprom           0x00810000         0x00010000         rw !x
fuse             0x00820000         0x00000400         rw !x
lock             0x00830000         0x00000400         rw !x
signature        0x00840000         0x00000400         rw !x
*default*        0x00000000         0xffffffff

Linker script and memory map

LOAD d:/iti embedded training 2022/tools/01- imt sdk/imt_sdk_win_64/winavr/bin/../lib/gcc/avr/4.3.3/../../../../avr/lib/avr5/crtm32.o
LOAD ./CTOS/SERVICES/Scheduler/Scheduler.o
LOAD ./CTOS/MCAL/UART/UART.o
LOAD ./CTOS/MCAL/UART/UART_CONFIG.o
LOAD ./CTOS/MCAL/Timer2/Timer2.o
LOAD ./CTOS/MCAL/TIMER1/TIMER1_PROGRAM.o
LOAD ./CTOS/MCAL/DIO/DIO_program.o
LOAD ./CTOS/MCAL/ADC/ADC.o
LOAD ./CTOS/HAL/Lights/Lights.o
LOAD ./CTOS/HAL/LM35/LM35.o
LOAD ./CTOS/HAL/LDR/LDR.o
LOAD ./CTOS/HAL/GAS_SENSOR/GAS.o
LOAD ./CTOS/HAL/FAN/FAN.o
LOAD ./CTOS/HAL/Control_Program/Program_Flow.o
LOAD ./CTOS/APP/main.o
LOAD d:/iti embedded training 2022/tools/01- imt sdk/imt_sdk_win_64/winavr/bin/../lib/gcc/avr/4.3.3/avr5\libgcc.a
LOAD d:/iti embedded training 2022/tools/01- imt sdk/imt_sdk_win_64/winavr/bin/../lib/gcc/avr/4.3.3/../../../../avr/lib/avr5\libc.a
LOAD d:/iti embedded training 2022/tools/01- imt sdk/imt_sdk_win_64/winavr/bin/../lib/gcc/avr/4.3.3/avr5\libgcc.a

.hash
 *(.hash)

.dynsym
 *(.dynsym)

.dynstr
 *(.dynstr)

.gnu.version
 *(.gnu.version)

.gnu.version_d
 *(.gnu.version_d)

.gnu.version_r
 *(.gnu.version_r)

.rel.init
 *(.rel.init)

.rela.init
 *(.rela.init)

.rel.text
 *(.rel.text)
 *(.rel.text.*)
 *(.rel.gnu.linkonce.t*)

.rela.text
 *(.rela.text)
 *(.rela.text.*)
 *(.rela.gnu.linkonce.t*)

.rel.fini
 *(.rel.fini)

.rela.fini
 *(.rela.fini)

.rel.rodata
 *(.rel.rodata)
 *(.rel.rodata.*)
 *(.rel.gnu.linkonce.r*)

.rela.rodata
 *(.rela.rodata)
 *(.rela.rodata.*)
 *(.rela.gnu.linkonce.r*)

.rel.data
 *(.rel.data)
 *(.rel.data.*)
 *(.rel.gnu.linkonce.d*)

.rela.data
 *(.rela.data)
 *(.rela.data.*)
 *(.rela.gnu.linkonce.d*)

.rel.ctors
 *(.rel.ctors)

.rela.ctors
 *(.rela.ctors)

.rel.dtors
 *(.rel.dtors)

.rela.dtors
 *(.rela.dtors)

.rel.got
 *(.rel.got)

.rela.got
 *(.rela.got)

.rel.bss
 *(.rel.bss)

.rela.bss
 *(.rela.bss)

.rel.plt
 *(.rel.plt)

.rela.plt
 *(.rela.plt)

.text           0x00000000     0x334a
 *(.vectors)
 .vectors       0x00000000       0x54 d:/iti embedded training 2022/tools/01- imt sdk/imt_sdk_win_64/winavr/bin/../lib/gcc/avr/4.3.3/../../../../avr/lib/avr5/crtm32.o
                0x00000000                __vectors
                0x00000000                __vector_default
 *(.vectors)
 *(.progmem.gcc*)
 *(.progmem*)
                0x00000054                . = ALIGN (0x2)
                0x00000054                __trampolines_start = .
 *(.trampolines)
 .trampolines   0x00000054        0x0 linker stubs
 *(.trampolines*)
                0x00000054                __trampolines_end = .
 *(.jumptables)
 *(.jumptables*)
 *(.lowtext)
 *(.lowtext*)
                0x00000054                __ctors_start = .
 *(.ctors)
                0x00000054                __ctors_end = .
                0x00000054                __dtors_start = .
 *(.dtors)
                0x00000054                __dtors_end = .
 SORT(*)(.ctors)
 SORT(*)(.dtors)
 *(.init0)
 .init0         0x00000054        0x0 d:/iti embedded training 2022/tools/01- imt sdk/imt_sdk_win_64/winavr/bin/../lib/gcc/avr/4.3.3/../../../../avr/lib/avr5/crtm32.o
                0x00000054                __init
 *(.init0)
 *(.init1)
 *(.init1)
 *(.init2)
 .init2         0x00000054        0xc d:/iti embedded training 2022/tools/01- imt sdk/imt_sdk_win_64/winavr/bin/../lib/gcc/avr/4.3.3/../../../../avr/lib/avr5/crtm32.o
 *(.init2)
 *(.init3)
 *(.init3)
 *(.init4)
 .init4         0x00000060       0x16 d:/iti embedded training 2022/tools/01- imt sdk/imt_sdk_win_64/winavr/bin/../lib/gcc/avr/4.3.3/avr5\libgcc.a(_copy_data.o)
                0x00000060                __do_copy_data
 .init4         0x00000076       0x10 d:/iti embedded training 2022/tools/01- imt sdk/imt_sdk_win_64/winavr/bin/../lib/gcc/avr/4.3.3/avr5\libgcc.a(_clear_bss.o)
                0x00000076                __do_clear_bss
 *(.init4)
 *(.init5)
 *(.init5)
 *(.init6)
 *(.init6)
 *(.init7)
 *(.init7)
 *(.init8)
 *(.init8)
 *(.init9)
 .init9         0x00000086        0x8 d:/iti embedded training 2022/tools/01- imt sdk/imt_sdk_win_64/winavr/bin/../lib/gcc/avr/4.3.3/../../../../avr/lib/avr5/crtm32.o
 *(.init9)
 *(.text)
 .text          0x0000008e        0x4 d:/iti embedded training 2022/tools/01- imt sdk/imt_sdk_win_64/winavr/bin/../lib/gcc/avr/4.3.3/../../../../avr/lib/avr5/crtm32.o
                0x0000008e                __vector_1
                0x0000008e                __vector_12
                0x0000008e                __bad_interrupt
                0x0000008e                __vector_6
                0x0000008e                __vector_3
                0x0000008e                __vector_11
                0x0000008e                __vector_13
                0x0000008e                __vector_17
                0x0000008e                __vector_19
                0x0000008e                __vector_7
                0x0000008e                __vector_9
                0x0000008e                __vector_2
                0x0000008e                __vector_15
                0x0000008e                __vector_8
                0x0000008e                __vector_14
                0x0000008e                __vector_10
                0x0000008e                __vector_16
                0x0000008e                __vector_18
                0x0000008e                __vector_20
 .text          0x00000092        0x0 ./CTOS/SERVICES/Scheduler/Scheduler.o
 .text          0x00000092        0x0 ./CTOS/MCAL/UART/UART.o
 .text          0x00000092        0x0 ./CTOS/MCAL/UART/UART_CONFIG.o
 .text          0x00000092        0x0 ./CTOS/MCAL/Timer2/Timer2.o
 .text          0x00000092        0x0 ./CTOS/MCAL/TIMER1/TIMER1_PROGRAM.o
 .text          0x00000092        0x0 ./CTOS/MCAL/DIO/DIO_program.o
 .text          0x00000092        0x0 ./CTOS/MCAL/ADC/ADC.o
 .text          0x00000092        0x0 ./CTOS/HAL/Lights/Lights.o
 .text          0x00000092        0x0 ./CTOS/HAL/LM35/LM35.o
 .text          0x00000092        0x0 ./CTOS/HAL/LDR/LDR.o
 .text          0x00000092        0x0 ./CTOS/HAL/GAS_SENSOR/GAS.o
 .text          0x00000092        0x0 ./CTOS/HAL/FAN/FAN.o
 .text          0x00000092        0x0 ./CTOS/HAL/Control_Program/Program_Flow.o
 .text          0x00000092        0x0 ./CTOS/APP/main.o
 .text          0x00000092        0x0 d:/iti embedded training 2022/tools/01- imt sdk/imt_sdk_win_64/winavr/bin/../lib/gcc/avr/4.3.3/avr5\libgcc.a(_exit.o)
 .text          0x00000092        0x0 d:/iti embedded training 2022/tools/01- imt sdk/imt_sdk_win_64/winavr/bin/../lib/gcc/avr/4.3.3/avr5\libgcc.a(_copy_data.o)
 .text          0x00000092        0x0 d:/iti embedded training 2022/tools/01- imt sdk/imt_sdk_win_64/winavr/bin/../lib/gcc/avr/4.3.3/avr5\libgcc.a(_clear_bss.o)
 .text          0x00000092       0x58 d:/iti embedded training 2022/tools/01- imt sdk/imt_sdk_win_64/winavr/bin/../lib/gcc/avr/4.3.3/avr5\libgcc.a(_fixunssfsi.o)
                0x00000092                __fixunssfsi
 .text          0x000000ea      0xcea d:/iti embedded training 2022/tools/01- imt sdk/imt_sdk_win_64/winavr/bin/../lib/gcc/avr/4.3.3/avr5\libgcc.a(_udivdi3.o)
                0x000000ea                __udivdi3
 .text          0x00000dd4      0x354 d:/iti embedded training 2022/tools/01- imt sdk/imt_sdk_win_64/winavr/bin/../lib/gcc/avr/4.3.3/avr5\libgcc.a(_addsub_sf.o)
                0x0000106c                __subsf3
                0x000010ce                __addsf3
 .text          0x00001128      0x1f4 d:/iti embedded training 2022/tools/01- imt sdk/imt_sdk_win_64/winavr/bin/../lib/gcc/avr/4.3.3/avr5\libgcc.a(_mul_sf.o)
                0x00001128                __mulsf3
 .text          0x0000131c      0x158 d:/iti embedded training 2022/tools/01- imt sdk/imt_sdk_win_64/winavr/bin/../lib/gcc/avr/4.3.3/avr5\libgcc.a(_div_sf.o)
                0x0000131c                __divsf3
 .text          0x00001474       0x60 d:/iti embedded training 2022/tools/01- imt sdk/imt_sdk_win_64/winavr/bin/../lib/gcc/avr/4.3.3/avr5\libgcc.a(_ge_sf.o)
                0x00001474                __gesf2
 .text          0x000014d4       0xa8 d:/iti embedded training 2022/tools/01- imt sdk/imt_sdk_win_64/winavr/bin/../lib/gcc/avr/4.3.3/avr5\libgcc.a(_sf_to_si.o)
                0x000014d4                __fixsfsi
 .text          0x0000157c        0x0 d:/iti embedded training 2022/tools/01- imt sdk/imt_sdk_win_64/winavr/bin/../lib/gcc/avr/4.3.3/avr5\libgcc.a(_thenan_sf.o)
 .text          0x0000157c       0xf2 d:/iti embedded training 2022/tools/01- imt sdk/imt_sdk_win_64/winavr/bin/../lib/gcc/avr/4.3.3/avr5\libgcc.a(_usi_to_sf.o)
                0x0000157c                __floatunsisf
 .text          0x0000166e        0x0 d:/iti embedded training 2022/tools/01- imt sdk/imt_sdk_win_64/winavr/bin/../lib/gcc/avr/4.3.3/avr5\libgcc.a(_mulsi3.o)
 .text          0x0000166e        0x0 d:/iti embedded training 2022/tools/01- imt sdk/imt_sdk_win_64/winavr/bin/../lib/gcc/avr/4.3.3/avr5\libgcc.a(_udivmodsi4.o)
 .text          0x0000166e        0x0 d:/iti embedded training 2022/tools/01- imt sdk/imt_sdk_win_64/winavr/bin/../lib/gcc/avr/4.3.3/avr5\libgcc.a(_prologue.o)
 .text          0x0000166e        0x0 d:/iti embedded training 2022/tools/01- imt sdk/imt_sdk_win_64/winavr/bin/../lib/gcc/avr/4.3.3/avr5\libgcc.a(_epilogue.o)
 .text          0x0000166e        0x0 d:/iti embedded training 2022/tools/01- imt sdk/imt_sdk_win_64/winavr/bin/../lib/gcc/avr/4.3.3/avr5\libgcc.a(_clz.o)
 .text          0x0000166e       0x9e d:/iti embedded training 2022/tools/01- imt sdk/imt_sdk_win_64/winavr/bin/../lib/gcc/avr/4.3.3/avr5\libgcc.a(_clzsi2.o)
                0x0000166e                __clzsi2
 .text          0x0000170c      0x1aa d:/iti embedded training 2022/tools/01- imt sdk/imt_sdk_win_64/winavr/bin/../lib/gcc/avr/4.3.3/avr5\libgcc.a(_pack_sf.o)
                0x0000170c                __pack_f
 .text          0x000018b6       0xf0 d:/iti embedded training 2022/tools/01- imt sdk/imt_sdk_win_64/winavr/bin/../lib/gcc/avr/4.3.3/avr5\libgcc.a(_unpack_sf.o)
                0x000018b6                __unpack_f
 .text          0x000019a6       0xb2 d:/iti embedded training 2022/tools/01- imt sdk/imt_sdk_win_64/winavr/bin/../lib/gcc/avr/4.3.3/avr5\libgcc.a(_fpcmp_parts_sf.o)
                0x000019a6                __fpcmp_parts_f
                0x00001a58                . = ALIGN (0x2)
 *(.text.*)
 .text.SCH_init
                0x00001a58       0x36 ./CTOS/SERVICES/Scheduler/Scheduler.o
                0x00001a58                SCH_init
 .text.SCH_Start
                0x00001a8e       0x1c ./CTOS/SERVICES/Scheduler/Scheduler.o
                0x00001a8e                SCH_Start
 .text.SCH_ISR  0x00001aaa      0x146 ./CTOS/SERVICES/Scheduler/Scheduler.o
                0x00001aaa                SCH_ISR
 .text.SCH_Add_Task
                0x00001bf0       0xde ./CTOS/SERVICES/Scheduler/Scheduler.o
                0x00001bf0                SCH_Add_Task
 .text.SCH_Delete_Task
                0x00001cce       0x8a ./CTOS/SERVICES/Scheduler/Scheduler.o
                0x00001cce                SCH_Delete_Task
 .text.SCH_Delete_All_Tasks
                0x00001d58       0x9a ./CTOS/SERVICES/Scheduler/Scheduler.o
                0x00001d58                SCH_Delete_All_Tasks
 .text.SCH_Dispatcher
                0x00001df2       0xcc ./CTOS/SERVICES/Scheduler/Scheduler.o
                0x00001df2                SCH_Dispatcher
 .text.SCH_Stop
                0x00001ebe       0x1c ./CTOS/SERVICES/Scheduler/Scheduler.o
                0x00001ebe                SCH_Stop
 .text.UART_init
                0x00001eda      0x30a ./CTOS/MCAL/UART/UART.o
                0x00001eda                UART_init
 .text.UART_transmit_Char
                0x000021e4       0x38 ./CTOS/MCAL/UART/UART.o
                0x000021e4                UART_transmit_Char
 .text.UART_recieve_Char
                0x0000221c       0x1e ./CTOS/MCAL/UART/UART.o
                0x0000221c                UART_recieve_Char
 .text.UART_transmit_String
                0x0000223a       0x56 ./CTOS/MCAL/UART/UART.o
                0x0000223a                UART_transmit_String
 .text.MTIMER2_voidInit
                0x00002290       0x4e ./CTOS/MCAL/Timer2/Timer2.o
                0x00002290                MTIMER2_voidInit
 .text.MTIMER2_voidSetDuty
                0x000022de       0x1c ./CTOS/MCAL/Timer2/Timer2.o
                0x000022de                MTIMER2_voidSetDuty
 .text.MTIMER2_voidTimer2OVSetCallBack
                0x000022fa       0x2c ./CTOS/MCAL/Timer2/Timer2.o
                0x000022fa                MTIMER2_voidTimer2OVSetCallBack
 .text.MTIMER2_voidTimer2CTCSetCallBack
                0x00002326       0x2c ./CTOS/MCAL/Timer2/Timer2.o
                0x00002326                MTIMER2_voidTimer2CTCSetCallBack
 .text.MTIMER2_voidSetBusyWait
                0x00002352       0x72 ./CTOS/MCAL/Timer2/Timer2.o
                0x00002352                MTIMER2_voidSetBusyWait
 .text.__vector_5
                0x000023c4       0x6e ./CTOS/MCAL/Timer2/Timer2.o
                0x000023c4                __vector_5
 .text.__vector_4
                0x00002432       0x66 ./CTOS/MCAL/Timer2/Timer2.o
                0x00002432                __vector_4
 .text.TIMER1_FPWMinit
                0x00002498       0x86 ./CTOS/MCAL/TIMER1/TIMER1_PROGRAM.o
                0x00002498                TIMER1_FPWMinit
 .text.TIMER1_SetDutyCycle
                0x0000251e       0x24 ./CTOS/MCAL/TIMER1/TIMER1_PROGRAM.o
                0x0000251e                TIMER1_SetDutyCycle
 .text.DIO_SetPinDirection
                0x00002542      0x2a8 ./CTOS/MCAL/DIO/DIO_program.o
                0x00002542                DIO_SetPinDirection
 .text.DIO_SetPortDirection
                0x000027ea      0x10e ./CTOS/MCAL/DIO/DIO_program.o
                0x000027ea                DIO_SetPortDirection
 .text.DIO_SetPinValue
                0x000028f8      0x214 ./CTOS/MCAL/DIO/DIO_program.o
                0x000028f8                DIO_SetPinValue
 .text.DIO_SetPortValue
                0x00002b0c       0x84 ./CTOS/MCAL/DIO/DIO_program.o
                0x00002b0c                DIO_SetPortValue
 .text.DIO_GetPinValue
                0x00002b90       0xf4 ./CTOS/MCAL/DIO/DIO_program.o
                0x00002b90                DIO_GetPinValue
 .text.DIO_GetPortValue
                0x00002c84       0x86 ./CTOS/MCAL/DIO/DIO_program.o
                0x00002c84                DIO_GetPortValue
 .text.ADC_INIT
                0x00002d0a       0x4e ./CTOS/MCAL/ADC/ADC.o
                0x00002d0a                ADC_INIT
 .text.ADC_u16ReadData
                0x00002d58       0x6c ./CTOS/MCAL/ADC/ADC.o
                0x00002d58                ADC_u16ReadData
 .text.ADC_f32ReadVoltage
                0x00002dc4       0x7e ./CTOS/MCAL/ADC/ADC.o
                0x00002dc4                ADC_f32ReadVoltage
 .text.LIGHT_Control
                0x00002e42       0x84 ./CTOS/HAL/Lights/Lights.o
                0x00002e42                LIGHT_Control
 .text.LM35_Read_Temp
                0x00002ec6       0x4e ./CTOS/HAL/LM35/LM35.o
                0x00002ec6                LM35_Read_Temp
 .text.LDR_GetData
                0x00002f14       0x22 ./CTOS/HAL/LDR/LDR.o
                0x00002f14                LDR_GetData
 .text.GAS_GetData
                0x00002f36       0x16 ./CTOS/HAL/GAS_SENSOR/GAS.o
                0x00002f36                GAS_GetData
 .text.GAS_Alarm
                0x00002f4c       0x4e ./CTOS/HAL/GAS_SENSOR/GAS.o
                0x00002f4c                GAS_Alarm
 .text.FAN_Control
                0x00002f9a       0x3e ./CTOS/HAL/FAN/FAN.o
                0x00002f9a                FAN_Control
 .text.HW_Init  0x00002fd8       0x56 ./CTOS/HAL/Control_Program/Program_Flow.o
                0x00002fd8                HW_Init
 .text.Control_GAS
                0x0000302e       0x3a ./CTOS/HAL/Control_Program/Program_Flow.o
                0x0000302e                Control_GAS
 .text.Control_Temperature
                0x00003068       0x24 ./CTOS/HAL/Control_Program/Program_Flow.o
                0x00003068                Control_Temperature
 .text.Control_Lights
                0x0000308c       0x4a ./CTOS/HAL/Control_Program/Program_Flow.o
                0x0000308c                Control_Lights
 .text.Control_Door
                0x000030d6       0x3c ./CTOS/HAL/Control_Program/Program_Flow.o
                0x000030d6                Control_Door
 .text.Control_Music
                0x00003112       0x40 ./CTOS/HAL/Control_Program/Program_Flow.o
                0x00003112                Control_Music
 .text.Control_ReceiveSendUART
                0x00003152       0x96 ./CTOS/HAL/Control_Program/Program_Flow.o
                0x00003152                Control_ReceiveSendUART
 .text.main     0x000031e8       0x6e ./CTOS/APP/main.o
                0x000031e8                main
 .text.libgcc   0x00003256        0x0 d:/iti embedded training 2022/tools/01- imt sdk/imt_sdk_win_64/winavr/bin/../lib/gcc/avr/4.3.3/avr5\libgcc.a(_exit.o)
 .text.libgcc   0x00003256        0x0 d:/iti embedded training 2022/tools/01- imt sdk/imt_sdk_win_64/winavr/bin/../lib/gcc/avr/4.3.3/avr5\libgcc.a(_copy_data.o)
 .text.libgcc   0x00003256        0x0 d:/iti embedded training 2022/tools/01- imt sdk/imt_sdk_win_64/winavr/bin/../lib/gcc/avr/4.3.3/avr5\libgcc.a(_clear_bss.o)
 .text.libgcc   0x00003256       0x3e d:/iti embedded training 2022/tools/01- imt sdk/imt_sdk_win_64/winavr/bin/../lib/gcc/avr/4.3.3/avr5\libgcc.a(_mulsi3.o)
                0x00003256                __mulsi3
 .text.libgcc   0x00003294       0x44 d:/iti embedded training 2022/tools/01- imt sdk/imt_sdk_win_64/winavr/bin/../lib/gcc/avr/4.3.3/avr5\libgcc.a(_udivmodsi4.o)
                0x00003294                __udivmodsi4
 .text.libgcc   0x000032d8       0x38 d:/iti embedded training 2022/tools/01- imt sdk/imt_sdk_win_64/winavr/bin/../lib/gcc/avr/4.3.3/avr5\libgcc.a(_prologue.o)
                0x000032d8                __prologue_saves__
 .text.libgcc   0x00003310       0x36 d:/iti embedded training 2022/tools/01- imt sdk/imt_sdk_win_64/winavr/bin/../lib/gcc/avr/4.3.3/avr5\libgcc.a(_epilogue.o)
                0x00003310                __epilogue_restores__
                0x00003346                . = ALIGN (0x2)
 *(.fini9)
 .fini9         0x00003346        0x0 d:/iti embedded training 2022/tools/01- imt sdk/imt_sdk_win_64/winavr/bin/../lib/gcc/avr/4.3.3/avr5\libgcc.a(_exit.o)
                0x00003346                exit
                0x00003346                _exit
 *(.fini9)
 *(.fini8)
 *(.fini8)
 *(.fini7)
 *(.fini7)
 *(.fini6)
 *(.fini6)
 *(.fini5)
 *(.fini5)
 *(.fini4)
 *(.fini4)
 *(.fini3)
 *(.fini3)
 *(.fini2)
 *(.fini2)
 *(.fini1)
 *(.fini1)
 *(.fini0)
 .fini0         0x00003346        0x4 d:/iti embedded training 2022/tools/01- imt sdk/imt_sdk_win_64/winavr/bin/../lib/gcc/avr/4.3.3/avr5\libgcc.a(_exit.o)
 *(.fini0)
                0x0000334a                _etext = .

.data           0x00800060      0x11c load address 0x0000334a
                0x00800060                PROVIDE (__data_start, .)
 *(.data)
 .data          0x00800060        0x0 d:/iti embedded training 2022/tools/01- imt sdk/imt_sdk_win_64/winavr/bin/../lib/gcc/avr/4.3.3/../../../../avr/lib/avr5/crtm32.o
 .data          0x00800060        0x0 ./CTOS/SERVICES/Scheduler/Scheduler.o
 .data          0x00800060        0x0 ./CTOS/MCAL/UART/UART.o
 .data          0x00800060        0x0 ./CTOS/MCAL/UART/UART_CONFIG.o
 .data          0x00800060        0x0 ./CTOS/MCAL/Timer2/Timer2.o
 .data          0x00800060        0x0 ./CTOS/MCAL/TIMER1/TIMER1_PROGRAM.o
 .data          0x00800060        0x0 ./CTOS/MCAL/DIO/DIO_program.o
 .data          0x00800060        0x0 ./CTOS/MCAL/ADC/ADC.o
 .data          0x00800060        0x0 ./CTOS/HAL/Lights/Lights.o
 .data          0x00800060        0x0 ./CTOS/HAL/LM35/LM35.o
 .data          0x00800060        0x0 ./CTOS/HAL/LDR/LDR.o
 .data          0x00800060        0x0 ./CTOS/HAL/GAS_SENSOR/GAS.o
 .data          0x00800060        0x0 ./CTOS/HAL/FAN/FAN.o
 .data          0x00800060        0x0 ./CTOS/HAL/Control_Program/Program_Flow.o
 .data          0x00800060        0x0 ./CTOS/APP/main.o
 .data          0x00800060        0x0 d:/iti embedded training 2022/tools/01- imt sdk/imt_sdk_win_64/winavr/bin/../lib/gcc/avr/4.3.3/avr5\libgcc.a(_exit.o)
 .data          0x00800060        0x0 d:/iti embedded training 2022/tools/01- imt sdk/imt_sdk_win_64/winavr/bin/../lib/gcc/avr/4.3.3/avr5\libgcc.a(_copy_data.o)
 .data          0x00800060        0x0 d:/iti embedded training 2022/tools/01- imt sdk/imt_sdk_win_64/winavr/bin/../lib/gcc/avr/4.3.3/avr5\libgcc.a(_clear_bss.o)
 .data          0x00800060        0x0 d:/iti embedded training 2022/tools/01- imt sdk/imt_sdk_win_64/winavr/bin/../lib/gcc/avr/4.3.3/avr5\libgcc.a(_fixunssfsi.o)
 .data          0x00800060        0x0 d:/iti embedded training 2022/tools/01- imt sdk/imt_sdk_win_64/winavr/bin/../lib/gcc/avr/4.3.3/avr5\libgcc.a(_udivdi3.o)
 .data          0x00800060        0x0 d:/iti embedded training 2022/tools/01- imt sdk/imt_sdk_win_64/winavr/bin/../lib/gcc/avr/4.3.3/avr5\libgcc.a(_addsub_sf.o)
 .data          0x00800060        0x0 d:/iti embedded training 2022/tools/01- imt sdk/imt_sdk_win_64/winavr/bin/../lib/gcc/avr/4.3.3/avr5\libgcc.a(_mul_sf.o)
 .data          0x00800060        0x0 d:/iti embedded training 2022/tools/01- imt sdk/imt_sdk_win_64/winavr/bin/../lib/gcc/avr/4.3.3/avr5\libgcc.a(_div_sf.o)
 .data          0x00800060        0x0 d:/iti embedded training 2022/tools/01- imt sdk/imt_sdk_win_64/winavr/bin/../lib/gcc/avr/4.3.3/avr5\libgcc.a(_ge_sf.o)
 .data          0x00800060        0x0 d:/iti embedded training 2022/tools/01- imt sdk/imt_sdk_win_64/winavr/bin/../lib/gcc/avr/4.3.3/avr5\libgcc.a(_sf_to_si.o)
 .data          0x00800060        0x8 d:/iti embedded training 2022/tools/01- imt sdk/imt_sdk_win_64/winavr/bin/../lib/gcc/avr/4.3.3/avr5\libgcc.a(_thenan_sf.o)
                0x00800060                __thenan_sf
 .data          0x00800068        0x0 d:/iti embedded training 2022/tools/01- imt sdk/imt_sdk_win_64/winavr/bin/../lib/gcc/avr/4.3.3/avr5\libgcc.a(_usi_to_sf.o)
 .data          0x00800068        0x0 d:/iti embedded training 2022/tools/01- imt sdk/imt_sdk_win_64/winavr/bin/../lib/gcc/avr/4.3.3/avr5\libgcc.a(_mulsi3.o)
 .data          0x00800068        0x0 d:/iti embedded training 2022/tools/01- imt sdk/imt_sdk_win_64/winavr/bin/../lib/gcc/avr/4.3.3/avr5\libgcc.a(_udivmodsi4.o)
 .data          0x00800068        0x0 d:/iti embedded training 2022/tools/01- imt sdk/imt_sdk_win_64/winavr/bin/../lib/gcc/avr/4.3.3/avr5\libgcc.a(_prologue.o)
 .data          0x00800068        0x0 d:/iti embedded training 2022/tools/01- imt sdk/imt_sdk_win_64/winavr/bin/../lib/gcc/avr/4.3.3/avr5\libgcc.a(_epilogue.o)
 .data          0x00800068      0x100 d:/iti embedded training 2022/tools/01- imt sdk/imt_sdk_win_64/winavr/bin/../lib/gcc/avr/4.3.3/avr5\libgcc.a(_clz.o)
                0x00800068                __clz_tab
 .data          0x00800168        0x0 d:/iti embedded training 2022/tools/01- imt sdk/imt_sdk_win_64/winavr/bin/../lib/gcc/avr/4.3.3/avr5\libgcc.a(_clzsi2.o)
 .data          0x00800168        0x0 d:/iti embedded training 2022/tools/01- imt sdk/imt_sdk_win_64/winavr/bin/../lib/gcc/avr/4.3.3/avr5\libgcc.a(_pack_sf.o)
 .data          0x00800168        0x0 d:/iti embedded training 2022/tools/01- imt sdk/imt_sdk_win_64/winavr/bin/../lib/gcc/avr/4.3.3/avr5\libgcc.a(_unpack_sf.o)
 .data          0x00800168        0x0 d:/iti embedded training 2022/tools/01- imt sdk/imt_sdk_win_64/winavr/bin/../lib/gcc/avr/4.3.3/avr5\libgcc.a(_fpcmp_parts_sf.o)
 *(.data*)
 .data.ptr      0x00800168        0xe ./CTOS/MCAL/UART/UART_CONFIG.o
                0x00800168                ptr
 .data.Global_Control
                0x00800176        0x4 ./CTOS/HAL/Control_Program/Program_Flow.o
                0x00800176                Global_Control
 .data.Temp_Display
                0x0080017a        0x1 ./CTOS/HAL/Control_Program/Program_Flow.o
                0x0080017a                Temp_Display
 .data.flag.1330
                0x0080017b        0x1 ./CTOS/HAL/Control_Program/Program_Flow.o
 *(.rodata)
 *(.rodata*)
 *(.gnu.linkonce.d*)
                0x0080017c                . = ALIGN (0x2)
                0x0080017c                _edata = .
                0x0080017c                PROVIDE (__data_end, .)

.bss            0x0080017c       0x43
                0x0080017c                PROVIDE (__bss_start, .)
 *(.bss)
 .bss           0x0080017c        0x0 d:/iti embedded training 2022/tools/01- imt sdk/imt_sdk_win_64/winavr/bin/../lib/gcc/avr/4.3.3/../../../../avr/lib/avr5/crtm32.o
 .bss           0x0080017c        0x0 ./CTOS/SERVICES/Scheduler/Scheduler.o
 .bss           0x0080017c        0x0 ./CTOS/MCAL/UART/UART.o
 .bss           0x0080017c        0x0 ./CTOS/MCAL/UART/UART_CONFIG.o
 .bss           0x0080017c        0x0 ./CTOS/MCAL/Timer2/Timer2.o
 .bss           0x0080017c        0x0 ./CTOS/MCAL/TIMER1/TIMER1_PROGRAM.o
 .bss           0x0080017c        0x0 ./CTOS/MCAL/DIO/DIO_program.o
 .bss           0x0080017c        0x0 ./CTOS/MCAL/ADC/ADC.o
 .bss           0x0080017c        0x0 ./CTOS/HAL/Lights/Lights.o
 .bss           0x0080017c        0x0 ./CTOS/HAL/LM35/LM35.o
 .bss           0x0080017c        0x0 ./CTOS/HAL/LDR/LDR.o
 .bss           0x0080017c        0x0 ./CTOS/HAL/GAS_SENSOR/GAS.o
 .bss           0x0080017c        0x0 ./CTOS/HAL/FAN/FAN.o
 .bss           0x0080017c        0x0 ./CTOS/HAL/Control_Program/Program_Flow.o
 .bss           0x0080017c        0x0 ./CTOS/APP/main.o
 .bss           0x0080017c        0x0 d:/iti embedded training 2022/tools/01- imt sdk/imt_sdk_win_64/winavr/bin/../lib/gcc/avr/4.3.3/avr5\libgcc.a(_exit.o)
 .bss           0x0080017c        0x0 d:/iti embedded training 2022/tools/01- imt sdk/imt_sdk_win_64/winavr/bin/../lib/gcc/avr/4.3.3/avr5\libgcc.a(_copy_data.o)
 .bss           0x0080017c        0x0 d:/iti embedded training 2022/tools/01- imt sdk/imt_sdk_win_64/winavr/bin/../lib/gcc/avr/4.3.3/avr5\libgcc.a(_clear_bss.o)
 .bss           0x0080017c        0x0 d:/iti embedded training 2022/tools/01- imt sdk/imt_sdk_win_64/winavr/bin/../lib/gcc/avr/4.3.3/avr5\libgcc.a(_fixunssfsi.o)
 .bss           0x0080017c        0x0 d:/iti embedded training 2022/tools/01- imt sdk/imt_sdk_win_64/winavr/bin/../lib/gcc/avr/4.3.3/avr5\libgcc.a(_udivdi3.o)
 .bss           0x0080017c        0x0 d:/iti embedded training 2022/tools/01- imt sdk/imt_sdk_win_64/winavr/bin/../lib/gcc/avr/4.3.3/avr5\libgcc.a(_addsub_sf.o)
 .bss           0x0080017c        0x0 d:/iti embedded training 2022/tools/01- imt sdk/imt_sdk_win_64/winavr/bin/../lib/gcc/avr/4.3.3/avr5\libgcc.a(_mul_sf.o)
 .bss           0x0080017c        0x0 d:/iti embedded training 2022/tools/01- imt sdk/imt_sdk_win_64/winavr/bin/../lib/gcc/avr/4.3.3/avr5\libgcc.a(_div_sf.o)
 .bss           0x0080017c        0x0 d:/iti embedded training 2022/tools/01- imt sdk/imt_sdk_win_64/winavr/bin/../lib/gcc/avr/4.3.3/avr5\libgcc.a(_ge_sf.o)
 .bss           0x0080017c        0x0 d:/iti embedded training 2022/tools/01- imt sdk/imt_sdk_win_64/winavr/bin/../lib/gcc/avr/4.3.3/avr5\libgcc.a(_sf_to_si.o)
 .bss           0x0080017c        0x0 d:/iti embedded training 2022/tools/01- imt sdk/imt_sdk_win_64/winavr/bin/../lib/gcc/avr/4.3.3/avr5\libgcc.a(_thenan_sf.o)
 .bss           0x0080017c        0x0 d:/iti embedded training 2022/tools/01- imt sdk/imt_sdk_win_64/winavr/bin/../lib/gcc/avr/4.3.3/avr5\libgcc.a(_usi_to_sf.o)
 .bss           0x0080017c        0x0 d:/iti embedded training 2022/tools/01- imt sdk/imt_sdk_win_64/winavr/bin/../lib/gcc/avr/4.3.3/avr5\libgcc.a(_mulsi3.o)
 .bss           0x0080017c        0x0 d:/iti embedded training 2022/tools/01- imt sdk/imt_sdk_win_64/winavr/bin/../lib/gcc/avr/4.3.3/avr5\libgcc.a(_udivmodsi4.o)
 .bss           0x0080017c        0x0 d:/iti embedded training 2022/tools/01- imt sdk/imt_sdk_win_64/winavr/bin/../lib/gcc/avr/4.3.3/avr5\libgcc.a(_prologue.o)
 .bss           0x0080017c        0x0 d:/iti embedded training 2022/tools/01- imt sdk/imt_sdk_win_64/winavr/bin/../lib/gcc/avr/4.3.3/avr5\libgcc.a(_epilogue.o)
 .bss           0x0080017c        0x0 d:/iti embedded training 2022/tools/01- imt sdk/imt_sdk_win_64/winavr/bin/../lib/gcc/avr/4.3.3/avr5\libgcc.a(_clz.o)
 .bss           0x0080017c        0x0 d:/iti embedded training 2022/tools/01- imt sdk/imt_sdk_win_64/winavr/bin/../lib/gcc/avr/4.3.3/avr5\libgcc.a(_clzsi2.o)
 .bss           0x0080017c        0x0 d:/iti embedded training 2022/tools/01- imt sdk/imt_sdk_win_64/winavr/bin/../lib/gcc/avr/4.3.3/avr5\libgcc.a(_pack_sf.o)
 .bss           0x0080017c        0x0 d:/iti embedded training 2022/tools/01- imt sdk/imt_sdk_win_64/winavr/bin/../lib/gcc/avr/4.3.3/avr5\libgcc.a(_unpack_sf.o)
 .bss           0x0080017c        0x0 d:/iti embedded training 2022/tools/01- imt sdk/imt_sdk_win_64/winavr/bin/../lib/gcc/avr/4.3.3/avr5\libgcc.a(_fpcmp_parts_sf.o)
 *(.bss*)
 .bss.Global_pvTimer2OverFlowCallBack
                0x0080017c        0x2 ./CTOS/MCAL/Timer2/Timer2.o
                0x0080017c                Global_pvTimer2OverFlowCallBack
 .bss.Global_pvTimer2CTCCallBack
                0x0080017e        0x2 ./CTOS/MCAL/Timer2/Timer2.o
                0x0080017e                Global_pvTimer2CTCCallBack
 .bss.flag3.1332
                0x00800180        0x1 ./CTOS/HAL/Control_Program/Program_Flow.o
 .bss.flag2.1331
                0x00800181        0x1 ./CTOS/HAL/Control_Program/Program_Flow.o
 *(COMMON)
 COMMON         0x00800182       0x3c ./CTOS/SERVICES/Scheduler/Scheduler.o
                0x00800182                SCH_TaskArr
 COMMON         0x008001be        0x1 ./CTOS/HAL/Control_Program/Program_Flow.o
                0x008001be                Control_union
                0x008001bf                PROVIDE (__bss_end, .)
                0x0000334a                __data_load_start = LOADADDR (.data)
                0x00003466                __data_load_end = (__data_load_start + SIZEOF (.data))

.noinit         0x008001bf        0x0
                0x008001bf                PROVIDE (__noinit_start, .)
 *(.noinit*)
                0x008001bf                PROVIDE (__noinit_end, .)
                0x008001bf                _end = .
                0x008001bf                PROVIDE (__heap_start, .)

.eeprom         0x00810000        0x0
 *(.eeprom*)
                0x00810000                __eeprom_end = .

.fuse
 *(.fuse)
 *(.lfuse)
 *(.hfuse)
 *(.efuse)

.lock
 *(.lock*)

.signature
 *(.signature*)

.stab           0x00000000     0x2a0c
 *(.stab)
 .stab          0x00000000      0x5a0 ./CTOS/SERVICES/Scheduler/Scheduler.o
 .stab          0x000005a0      0x690 ./CTOS/MCAL/UART/UART.o
                                0x69c (size before relaxing)
 .stab          0x00000c30       0xfc ./CTOS/MCAL/UART/UART_CONFIG.o
                                0x1b0 (size before relaxing)
 .stab          0x00000d2c      0x408 ./CTOS/MCAL/Timer2/Timer2.o
                                0x414 (size before relaxing)
 .stab          0x00001134      0x2dc ./CTOS/MCAL/TIMER1/TIMER1_PROGRAM.o
                                0x2e8 (size before relaxing)
 .stab          0x00001410      0x5a0 ./CTOS/MCAL/DIO/DIO_program.o
                                0x63c (size before relaxing)
 .stab          0x000019b0      0x2a0 ./CTOS/MCAL/ADC/ADC.o
                                0x558 (size before relaxing)
 .stab          0x00001c50      0x174 ./CTOS/HAL/Lights/Lights.o
                                0x27c (size before relaxing)
 .stab          0x00001dc4      0x15c ./CTOS/HAL/LM35/LM35.o
                                0x1f8 (size before relaxing)
 .stab          0x00001f20      0x150 ./CTOS/HAL/LDR/LDR.o
                                0x258 (size before relaxing)
 .stab          0x00002070      0x174 ./CTOS/HAL/GAS_SENSOR/GAS.o
                                0x27c (size before relaxing)
 .stab          0x000021e4      0x15c ./CTOS/HAL/FAN/FAN.o
                                0x264 (size before relaxing)
 .stab          0x00002340      0x4f8 ./CTOS/HAL/Control_Program/Program_Flow.o
                                0x600 (size before relaxing)
 .stab          0x00002838      0x1d4 ./CTOS/APP/main.o
                                0x2dc (size before relaxing)

.stabstr        0x00000000     0x1c99
 *(.stabstr)
 .stabstr       0x00000000     0x1c99 ./CTOS/SERVICES/Scheduler/Scheduler.o

.stab.excl
 *(.stab.excl)

.stab.exclstr
 *(.stab.exclstr)

.stab.index
 *(.stab.index)

.stab.indexstr
 *(.stab.indexstr)

.comment
 *(.comment)

.debug
 *(.debug)

.line
 *(.line)

.debug_srcinfo
 *(.debug_srcinfo)

.debug_sfnames
 *(.debug_sfnames)

.debug_aranges  0x00000000      0x180
 *(.debug_aranges)
 .debug_aranges
                0x00000000       0x20 d:/iti embedded training 2022/tools/01- imt sdk/imt_sdk_win_64/winavr/bin/../lib/gcc/avr/4.3.3/avr5\libgcc.a(_fixunssfsi.o)
 .debug_aranges
                0x00000020       0x20 d:/iti embedded training 2022/tools/01- imt sdk/imt_sdk_win_64/winavr/bin/../lib/gcc/avr/4.3.3/avr5\libgcc.a(_udivdi3.o)
 .debug_aranges
                0x00000040       0x20 d:/iti embedded training 2022/tools/01- imt sdk/imt_sdk_win_64/winavr/bin/../lib/gcc/avr/4.3.3/avr5\libgcc.a(_addsub_sf.o)
 .debug_aranges
                0x00000060       0x20 d:/iti embedded training 2022/tools/01- imt sdk/imt_sdk_win_64/winavr/bin/../lib/gcc/avr/4.3.3/avr5\libgcc.a(_mul_sf.o)
 .debug_aranges
                0x00000080       0x20 d:/iti embedded training 2022/tools/01- imt sdk/imt_sdk_win_64/winavr/bin/../lib/gcc/avr/4.3.3/avr5\libgcc.a(_div_sf.o)
 .debug_aranges
                0x000000a0       0x20 d:/iti embedded training 2022/tools/01- imt sdk/imt_sdk_win_64/winavr/bin/../lib/gcc/avr/4.3.3/avr5\libgcc.a(_ge_sf.o)
 .debug_aranges
                0x000000c0       0x20 d:/iti embedded training 2022/tools/01- imt sdk/imt_sdk_win_64/winavr/bin/../lib/gcc/avr/4.3.3/avr5\libgcc.a(_sf_to_si.o)
 .debug_aranges
                0x000000e0       0x20 d:/iti embedded training 2022/tools/01- imt sdk/imt_sdk_win_64/winavr/bin/../lib/gcc/avr/4.3.3/avr5\libgcc.a(_usi_to_sf.o)
 .debug_aranges
                0x00000100       0x20 d:/iti embedded training 2022/tools/01- imt sdk/imt_sdk_win_64/winavr/bin/../lib/gcc/avr/4.3.3/avr5\libgcc.a(_clzsi2.o)
 .debug_aranges
                0x00000120       0x20 d:/iti embedded training 2022/tools/01- imt sdk/imt_sdk_win_64/winavr/bin/../lib/gcc/avr/4.3.3/avr5\libgcc.a(_pack_sf.o)
 .debug_aranges
                0x00000140       0x20 d:/iti embedded training 2022/tools/01- imt sdk/imt_sdk_win_64/winavr/bin/../lib/gcc/avr/4.3.3/avr5\libgcc.a(_unpack_sf.o)
 .debug_aranges
                0x00000160       0x20 d:/iti embedded training 2022/tools/01- imt sdk/imt_sdk_win_64/winavr/bin/../lib/gcc/avr/4.3.3/avr5\libgcc.a(_fpcmp_parts_sf.o)

.debug_pubnames
                0x00000000      0x1d6
 *(.debug_pubnames)
 .debug_pubnames
                0x00000000       0x23 d:/iti embedded training 2022/tools/01- imt sdk/imt_sdk_win_64/winavr/bin/../lib/gcc/avr/4.3.3/avr5\libgcc.a(_fixunssfsi.o)
 .debug_pubnames
                0x00000023       0x20 d:/iti embedded training 2022/tools/01- imt sdk/imt_sdk_win_64/winavr/bin/../lib/gcc/avr/4.3.3/avr5\libgcc.a(_udivdi3.o)
 .debug_pubnames
                0x00000043       0x2c d:/iti embedded training 2022/tools/01- imt sdk/imt_sdk_win_64/winavr/bin/../lib/gcc/avr/4.3.3/avr5\libgcc.a(_addsub_sf.o)
 .debug_pubnames
                0x0000006f       0x1f d:/iti embedded training 2022/tools/01- imt sdk/imt_sdk_win_64/winavr/bin/../lib/gcc/avr/4.3.3/avr5\libgcc.a(_mul_sf.o)
 .debug_pubnames
                0x0000008e       0x1f d:/iti embedded training 2022/tools/01- imt sdk/imt_sdk_win_64/winavr/bin/../lib/gcc/avr/4.3.3/avr5\libgcc.a(_div_sf.o)
 .debug_pubnames
                0x000000ad       0x1e d:/iti embedded training 2022/tools/01- imt sdk/imt_sdk_win_64/winavr/bin/../lib/gcc/avr/4.3.3/avr5\libgcc.a(_ge_sf.o)
 .debug_pubnames
                0x000000cb       0x20 d:/iti embedded training 2022/tools/01- imt sdk/imt_sdk_win_64/winavr/bin/../lib/gcc/avr/4.3.3/avr5\libgcc.a(_sf_to_si.o)
 .debug_pubnames
                0x000000eb       0x22 d:/iti embedded training 2022/tools/01- imt sdk/imt_sdk_win_64/winavr/bin/../lib/gcc/avr/4.3.3/avr5\libgcc.a(_thenan_sf.o)
 .debug_pubnames
                0x0000010d       0x24 d:/iti embedded training 2022/tools/01- imt sdk/imt_sdk_win_64/winavr/bin/../lib/gcc/avr/4.3.3/avr5\libgcc.a(_usi_to_sf.o)
 .debug_pubnames
                0x00000131       0x20 d:/iti embedded training 2022/tools/01- imt sdk/imt_sdk_win_64/winavr/bin/../lib/gcc/avr/4.3.3/avr5\libgcc.a(_clz.o)
 .debug_pubnames
                0x00000151       0x1f d:/iti embedded training 2022/tools/01- imt sdk/imt_sdk_win_64/winavr/bin/../lib/gcc/avr/4.3.3/avr5\libgcc.a(_clzsi2.o)
 .debug_pubnames
                0x00000170       0x1f d:/iti embedded training 2022/tools/01- imt sdk/imt_sdk_win_64/winavr/bin/../lib/gcc/avr/4.3.3/avr5\libgcc.a(_pack_sf.o)
 .debug_pubnames
                0x0000018f       0x21 d:/iti embedded training 2022/tools/01- imt sdk/imt_sdk_win_64/winavr/bin/../lib/gcc/avr/4.3.3/avr5\libgcc.a(_unpack_sf.o)
 .debug_pubnames
                0x000001b0       0x26 d:/iti embedded training 2022/tools/01- imt sdk/imt_sdk_win_64/winavr/bin/../lib/gcc/avr/4.3.3/avr5\libgcc.a(_fpcmp_parts_sf.o)

.debug_info     0x00000000     0x262b
 *(.debug_info)
 .debug_info    0x00000000       0xb1 d:/iti embedded training 2022/tools/01- imt sdk/imt_sdk_win_64/winavr/bin/../lib/gcc/avr/4.3.3/avr5\libgcc.a(_fixunssfsi.o)
 .debug_info    0x000000b1      0x71e d:/iti embedded training 2022/tools/01- imt sdk/imt_sdk_win_64/winavr/bin/../lib/gcc/avr/4.3.3/avr5\libgcc.a(_udivdi3.o)
 .debug_info    0x000007cf      0x47a d:/iti embedded training 2022/tools/01- imt sdk/imt_sdk_win_64/winavr/bin/../lib/gcc/avr/4.3.3/avr5\libgcc.a(_addsub_sf.o)
 .debug_info    0x00000c49      0x485 d:/iti embedded training 2022/tools/01- imt sdk/imt_sdk_win_64/winavr/bin/../lib/gcc/avr/4.3.3/avr5\libgcc.a(_mul_sf.o)
 .debug_info    0x000010ce      0x3fc d:/iti embedded training 2022/tools/01- imt sdk/imt_sdk_win_64/winavr/bin/../lib/gcc/avr/4.3.3/avr5\libgcc.a(_div_sf.o)
 .debug_info    0x000014ca      0x27f d:/iti embedded training 2022/tools/01- imt sdk/imt_sdk_win_64/winavr/bin/../lib/gcc/avr/4.3.3/avr5\libgcc.a(_ge_sf.o)
 .debug_info    0x00001749      0x2b0 d:/iti embedded training 2022/tools/01- imt sdk/imt_sdk_win_64/winavr/bin/../lib/gcc/avr/4.3.3/avr5\libgcc.a(_sf_to_si.o)
 .debug_info    0x000019f9      0x12c d:/iti embedded training 2022/tools/01- imt sdk/imt_sdk_win_64/winavr/bin/../lib/gcc/avr/4.3.3/avr5\libgcc.a(_thenan_sf.o)
 .debug_info    0x00001b25      0x206 d:/iti embedded training 2022/tools/01- imt sdk/imt_sdk_win_64/winavr/bin/../lib/gcc/avr/4.3.3/avr5\libgcc.a(_usi_to_sf.o)
 .debug_info    0x00001d2b       0xa9 d:/iti embedded training 2022/tools/01- imt sdk/imt_sdk_win_64/winavr/bin/../lib/gcc/avr/4.3.3/avr5\libgcc.a(_clz.o)
 .debug_info    0x00001dd4      0x117 d:/iti embedded training 2022/tools/01- imt sdk/imt_sdk_win_64/winavr/bin/../lib/gcc/avr/4.3.3/avr5\libgcc.a(_clzsi2.o)
 .debug_info    0x00001eeb      0x2df d:/iti embedded training 2022/tools/01- imt sdk/imt_sdk_win_64/winavr/bin/../lib/gcc/avr/4.3.3/avr5\libgcc.a(_pack_sf.o)
 .debug_info    0x000021ca      0x251 d:/iti embedded training 2022/tools/01- imt sdk/imt_sdk_win_64/winavr/bin/../lib/gcc/avr/4.3.3/avr5\libgcc.a(_unpack_sf.o)
 .debug_info    0x0000241b      0x210 d:/iti embedded training 2022/tools/01- imt sdk/imt_sdk_win_64/winavr/bin/../lib/gcc/avr/4.3.3/avr5\libgcc.a(_fpcmp_parts_sf.o)
 *(.gnu.linkonce.wi.*)

.debug_abbrev   0x00000000     0x1253
 *(.debug_abbrev)
 .debug_abbrev  0x00000000       0x5d d:/iti embedded training 2022/tools/01- imt sdk/imt_sdk_win_64/winavr/bin/../lib/gcc/avr/4.3.3/avr5\libgcc.a(_fixunssfsi.o)
 .debug_abbrev  0x0000005d      0x181 d:/iti embedded training 2022/tools/01- imt sdk/imt_sdk_win_64/winavr/bin/../lib/gcc/avr/4.3.3/avr5\libgcc.a(_udivdi3.o)
 .debug_abbrev  0x000001de      0x1ea d:/iti embedded training 2022/tools/01- imt sdk/imt_sdk_win_64/winavr/bin/../lib/gcc/avr/4.3.3/avr5\libgcc.a(_addsub_sf.o)
 .debug_abbrev  0x000003c8      0x21b d:/iti embedded training 2022/tools/01- imt sdk/imt_sdk_win_64/winavr/bin/../lib/gcc/avr/4.3.3/avr5\libgcc.a(_mul_sf.o)
 .debug_abbrev  0x000005e3      0x216 d:/iti embedded training 2022/tools/01- imt sdk/imt_sdk_win_64/winavr/bin/../lib/gcc/avr/4.3.3/avr5\libgcc.a(_div_sf.o)
 .debug_abbrev  0x000007f9      0x15a d:/iti embedded training 2022/tools/01- imt sdk/imt_sdk_win_64/winavr/bin/../lib/gcc/avr/4.3.3/avr5\libgcc.a(_ge_sf.o)
 .debug_abbrev  0x00000953      0x17f d:/iti embedded training 2022/tools/01- imt sdk/imt_sdk_win_64/winavr/bin/../lib/gcc/avr/4.3.3/avr5\libgcc.a(_sf_to_si.o)
 .debug_abbrev  0x00000ad2       0xad d:/iti embedded training 2022/tools/01- imt sdk/imt_sdk_win_64/winavr/bin/../lib/gcc/avr/4.3.3/avr5\libgcc.a(_thenan_sf.o)
 .debug_abbrev  0x00000b7f      0x157 d:/iti embedded training 2022/tools/01- imt sdk/imt_sdk_win_64/winavr/bin/../lib/gcc/avr/4.3.3/avr5\libgcc.a(_usi_to_sf.o)
 .debug_abbrev  0x00000cd6       0x6a d:/iti embedded training 2022/tools/01- imt sdk/imt_sdk_win_64/winavr/bin/../lib/gcc/avr/4.3.3/avr5\libgcc.a(_clz.o)
 .debug_abbrev  0x00000d40       0xc4 d:/iti embedded training 2022/tools/01- imt sdk/imt_sdk_win_64/winavr/bin/../lib/gcc/avr/4.3.3/avr5\libgcc.a(_clzsi2.o)
 .debug_abbrev  0x00000e04      0x1c0 d:/iti embedded training 2022/tools/01- imt sdk/imt_sdk_win_64/winavr/bin/../lib/gcc/avr/4.3.3/avr5\libgcc.a(_pack_sf.o)
 .debug_abbrev  0x00000fc4      0x154 d:/iti embedded training 2022/tools/01- imt sdk/imt_sdk_win_64/winavr/bin/../lib/gcc/avr/4.3.3/avr5\libgcc.a(_unpack_sf.o)
 .debug_abbrev  0x00001118      0x13b d:/iti embedded training 2022/tools/01- imt sdk/imt_sdk_win_64/winavr/bin/../lib/gcc/avr/4.3.3/avr5\libgcc.a(_fpcmp_parts_sf.o)

.debug_line     0x00000000     0x1208
 *(.debug_line)
 .debug_line    0x00000000       0xa7 d:/iti embedded training 2022/tools/01- imt sdk/imt_sdk_win_64/winavr/bin/../lib/gcc/avr/4.3.3/avr5\libgcc.a(_fixunssfsi.o)
 .debug_line    0x000000a7      0x1d8 d:/iti embedded training 2022/tools/01- imt sdk/imt_sdk_win_64/winavr/bin/../lib/gcc/avr/4.3.3/avr5\libgcc.a(_udivdi3.o)
 .debug_line    0x0000027f      0x2af d:/iti embedded training 2022/tools/01- imt sdk/imt_sdk_win_64/winavr/bin/../lib/gcc/avr/4.3.3/avr5\libgcc.a(_addsub_sf.o)
 .debug_line    0x0000052e      0x239 d:/iti embedded training 2022/tools/01- imt sdk/imt_sdk_win_64/winavr/bin/../lib/gcc/avr/4.3.3/avr5\libgcc.a(_mul_sf.o)
 .debug_line    0x00000767      0x1d5 d:/iti embedded training 2022/tools/01- imt sdk/imt_sdk_win_64/winavr/bin/../lib/gcc/avr/4.3.3/avr5\libgcc.a(_div_sf.o)
 .debug_line    0x0000093c       0xd3 d:/iti embedded training 2022/tools/01- imt sdk/imt_sdk_win_64/winavr/bin/../lib/gcc/avr/4.3.3/avr5\libgcc.a(_ge_sf.o)
 .debug_line    0x00000a0f      0x109 d:/iti embedded training 2022/tools/01- imt sdk/imt_sdk_win_64/winavr/bin/../lib/gcc/avr/4.3.3/avr5\libgcc.a(_sf_to_si.o)
 .debug_line    0x00000b18       0x90 d:/iti embedded training 2022/tools/01- imt sdk/imt_sdk_win_64/winavr/bin/../lib/gcc/avr/4.3.3/avr5\libgcc.a(_thenan_sf.o)
 .debug_line    0x00000ba8      0x133 d:/iti embedded training 2022/tools/01- imt sdk/imt_sdk_win_64/winavr/bin/../lib/gcc/avr/4.3.3/avr5\libgcc.a(_usi_to_sf.o)
 .debug_line    0x00000cdb       0x7c d:/iti embedded training 2022/tools/01- imt sdk/imt_sdk_win_64/winavr/bin/../lib/gcc/avr/4.3.3/avr5\libgcc.a(_clz.o)
 .debug_line    0x00000d57       0xa5 d:/iti embedded training 2022/tools/01- imt sdk/imt_sdk_win_64/winavr/bin/../lib/gcc/avr/4.3.3/avr5\libgcc.a(_clzsi2.o)
 .debug_line    0x00000dfc      0x18a d:/iti embedded training 2022/tools/01- imt sdk/imt_sdk_win_64/winavr/bin/../lib/gcc/avr/4.3.3/avr5\libgcc.a(_pack_sf.o)
 .debug_line    0x00000f86      0x14b d:/iti embedded training 2022/tools/01- imt sdk/imt_sdk_win_64/winavr/bin/../lib/gcc/avr/4.3.3/avr5\libgcc.a(_unpack_sf.o)
 .debug_line    0x000010d1      0x137 d:/iti embedded training 2022/tools/01- imt sdk/imt_sdk_win_64/winavr/bin/../lib/gcc/avr/4.3.3/avr5\libgcc.a(_fpcmp_parts_sf.o)

.debug_frame    0x00000000      0x1a0
 *(.debug_frame)
 .debug_frame   0x00000000       0x20 d:/iti embedded training 2022/tools/01- imt sdk/imt_sdk_win_64/winavr/bin/../lib/gcc/avr/4.3.3/avr5\libgcc.a(_fixunssfsi.o)
 .debug_frame   0x00000020       0x20 d:/iti embedded training 2022/tools/01- imt sdk/imt_sdk_win_64/winavr/bin/../lib/gcc/avr/4.3.3/avr5\libgcc.a(_udivdi3.o)
 .debug_frame   0x00000040       0x40 d:/iti embedded training 2022/tools/01- imt sdk/imt_sdk_win_64/winavr/bin/../lib/gcc/avr/4.3.3/avr5\libgcc.a(_addsub_sf.o)
 .debug_frame   0x00000080       0x20 d:/iti embedded training 2022/tools/01- imt sdk/imt_sdk_win_64/winavr/bin/../lib/gcc/avr/4.3.3/avr5\libgcc.a(_mul_sf.o)
 .debug_frame   0x000000a0       0x20 d:/iti embedded training 2022/tools/01- imt sdk/imt_sdk_win_64/winavr/bin/../lib/gcc/avr/4.3.3/avr5\libgcc.a(_div_sf.o)
 .debug_frame   0x000000c0       0x20 d:/iti embedded training 2022/tools/01- imt sdk/imt_sdk_win_64/winavr/bin/../lib/gcc/avr/4.3.3/avr5\libgcc.a(_ge_sf.o)
 .debug_frame   0x000000e0       0x20 d:/iti embedded training 2022/tools/01- imt sdk/imt_sdk_win_64/winavr/bin/../lib/gcc/avr/4.3.3/avr5\libgcc.a(_sf_to_si.o)
 .debug_frame   0x00000100       0x20 d:/iti embedded training 2022/tools/01- imt sdk/imt_sdk_win_64/winavr/bin/../lib/gcc/avr/4.3.3/avr5\libgcc.a(_usi_to_sf.o)
 .debug_frame   0x00000120       0x20 d:/iti embedded training 2022/tools/01- imt sdk/imt_sdk_win_64/winavr/bin/../lib/gcc/avr/4.3.3/avr5\libgcc.a(_clzsi2.o)
 .debug_frame   0x00000140       0x20 d:/iti embedded training 2022/tools/01- imt sdk/imt_sdk_win_64/winavr/bin/../lib/gcc/avr/4.3.3/avr5\libgcc.a(_pack_sf.o)
 .debug_frame   0x00000160       0x20 d:/iti embedded training 2022/tools/01- imt sdk/imt_sdk_win_64/winavr/bin/../lib/gcc/avr/4.3.3/avr5\libgcc.a(_unpack_sf.o)
 .debug_frame   0x00000180       0x20 d:/iti embedded training 2022/tools/01- imt sdk/imt_sdk_win_64/winavr/bin/../lib/gcc/avr/4.3.3/avr5\libgcc.a(_fpcmp_parts_sf.o)

.debug_str      0x00000000      0x35c
 *(.debug_str)
 .debug_str     0x00000000       0xbf d:/iti embedded training 2022/tools/01- imt sdk/imt_sdk_win_64/winavr/bin/../lib/gcc/avr/4.3.3/avr5\libgcc.a(_fixunssfsi.o)
                                 0xfe (size before relaxing)
 .debug_str     0x000000bf       0x8d d:/iti embedded training 2022/tools/01- imt sdk/imt_sdk_win_64/winavr/bin/../lib/gcc/avr/4.3.3/avr5\libgcc.a(_udivdi3.o)
                                0x18a (size before relaxing)
 .debug_str     0x0000014c      0x14d d:/iti embedded training 2022/tools/01- imt sdk/imt_sdk_win_64/winavr/bin/../lib/gcc/avr/4.3.3/avr5\libgcc.a(_addsub_sf.o)
                                0x206 (size before relaxing)
 .debug_str     0x00000299       0x27 d:/iti embedded training 2022/tools/01- imt sdk/imt_sdk_win_64/winavr/bin/../lib/gcc/avr/4.3.3/avr5\libgcc.a(_mul_sf.o)
                                0x1bf (size before relaxing)
 .debug_str     0x000002c0       0x35 d:/iti embedded training 2022/tools/01- imt sdk/imt_sdk_win_64/winavr/bin/../lib/gcc/avr/4.3.3/avr5\libgcc.a(_div_sf.o)
                                0x1c8 (size before relaxing)
 .debug_str     0x000002f5        0x8 d:/iti embedded training 2022/tools/01- imt sdk/imt_sdk_win_64/winavr/bin/../lib/gcc/avr/4.3.3/avr5\libgcc.a(_ge_sf.o)
                                0x195 (size before relaxing)
 .debug_str     0x000002fd        0xa d:/iti embedded training 2022/tools/01- imt sdk/imt_sdk_win_64/winavr/bin/../lib/gcc/avr/4.3.3/avr5\libgcc.a(_sf_to_si.o)
                                0x19e (size before relaxing)
 .debug_str     0x00000000      0x103 d:/iti embedded training 2022/tools/01- imt sdk/imt_sdk_win_64/winavr/bin/../lib/gcc/avr/4.3.3/avr5\libgcc.a(_thenan_sf.o)
 .debug_str     0x00000307       0x21 d:/iti embedded training 2022/tools/01- imt sdk/imt_sdk_win_64/winavr/bin/../lib/gcc/avr/4.3.3/avr5\libgcc.a(_usi_to_sf.o)
                                0x177 (size before relaxing)
 .debug_str     0x00000000       0xf4 d:/iti embedded training 2022/tools/01- imt sdk/imt_sdk_win_64/winavr/bin/../lib/gcc/avr/4.3.3/avr5\libgcc.a(_clz.o)
 .debug_str     0x00000328        0x9 d:/iti embedded training 2022/tools/01- imt sdk/imt_sdk_win_64/winavr/bin/../lib/gcc/avr/4.3.3/avr5\libgcc.a(_clzsi2.o)
                                0x111 (size before relaxing)
 .debug_str     0x00000331       0x10 d:/iti embedded training 2022/tools/01- imt sdk/imt_sdk_win_64/winavr/bin/../lib/gcc/avr/4.3.3/avr5\libgcc.a(_pack_sf.o)
                                0x19d (size before relaxing)
 .debug_str     0x00000341        0xb d:/iti embedded training 2022/tools/01- imt sdk/imt_sdk_win_64/winavr/bin/../lib/gcc/avr/4.3.3/avr5\libgcc.a(_unpack_sf.o)
                                0x17f (size before relaxing)
 .debug_str     0x0000034c       0x10 d:/iti embedded training 2022/tools/01- imt sdk/imt_sdk_win_64/winavr/bin/../lib/gcc/avr/4.3.3/avr5\libgcc.a(_fpcmp_parts_sf.o)
                                0x163 (size before relaxing)

.debug_loc      0x00000000     0x176a
 *(.debug_loc)
 .debug_loc     0x00000000       0x34 d:/iti embedded training 2022/tools/01- imt sdk/imt_sdk_win_64/winavr/bin/../lib/gcc/avr/4.3.3/avr5\libgcc.a(_fixunssfsi.o)
 .debug_loc     0x00000034      0xe74 d:/iti embedded training 2022/tools/01- imt sdk/imt_sdk_win_64/winavr/bin/../lib/gcc/avr/4.3.3/avr5\libgcc.a(_udivdi3.o)
 .debug_loc     0x00000ea8      0x32a d:/iti embedded training 2022/tools/01- imt sdk/imt_sdk_win_64/winavr/bin/../lib/gcc/avr/4.3.3/avr5\libgcc.a(_addsub_sf.o)
 .debug_loc     0x000011d2      0x104 d:/iti embedded training 2022/tools/01- imt sdk/imt_sdk_win_64/winavr/bin/../lib/gcc/avr/4.3.3/avr5\libgcc.a(_mul_sf.o)
 .debug_loc     0x000012d6       0xc0 d:/iti embedded training 2022/tools/01- imt sdk/imt_sdk_win_64/winavr/bin/../lib/gcc/avr/4.3.3/avr5\libgcc.a(_div_sf.o)
 .debug_loc     0x00001396       0x3c d:/iti embedded training 2022/tools/01- imt sdk/imt_sdk_win_64/winavr/bin/../lib/gcc/avr/4.3.3/avr5\libgcc.a(_ge_sf.o)
 .debug_loc     0x000013d2       0x7e d:/iti embedded training 2022/tools/01- imt sdk/imt_sdk_win_64/winavr/bin/../lib/gcc/avr/4.3.3/avr5\libgcc.a(_sf_to_si.o)
 .debug_loc     0x00001450       0x4c d:/iti embedded training 2022/tools/01- imt sdk/imt_sdk_win_64/winavr/bin/../lib/gcc/avr/4.3.3/avr5\libgcc.a(_usi_to_sf.o)
 .debug_loc     0x0000149c       0x94 d:/iti embedded training 2022/tools/01- imt sdk/imt_sdk_win_64/winavr/bin/../lib/gcc/avr/4.3.3/avr5\libgcc.a(_clzsi2.o)
 .debug_loc     0x00001530      0x13e d:/iti embedded training 2022/tools/01- imt sdk/imt_sdk_win_64/winavr/bin/../lib/gcc/avr/4.3.3/avr5\libgcc.a(_pack_sf.o)
 .debug_loc     0x0000166e       0xac d:/iti embedded training 2022/tools/01- imt sdk/imt_sdk_win_64/winavr/bin/../lib/gcc/avr/4.3.3/avr5\libgcc.a(_unpack_sf.o)
 .debug_loc     0x0000171a       0x50 d:/iti embedded training 2022/tools/01- imt sdk/imt_sdk_win_64/winavr/bin/../lib/gcc/avr/4.3.3/avr5\libgcc.a(_fpcmp_parts_sf.o)

.debug_macinfo
 *(.debug_macinfo)
OUTPUT(Smart_Home_MC2.elf elf32-avr)
LOAD linker stubs

.debug_ranges   0x00000000       0x68
 .debug_ranges  0x00000000       0x18 d:/iti embedded training 2022/tools/01- imt sdk/imt_sdk_win_64/winavr/bin/../lib/gcc/avr/4.3.3/avr5\libgcc.a(_udivdi3.o)
 .debug_ranges  0x00000018       0x50 d:/iti embedded training 2022/tools/01- imt sdk/imt_sdk_win_64/winavr/bin/../lib/gcc/avr/4.3.3/avr5\libgcc.a(_mul_sf.o)
