Archive member included because of file (symbol)

d:/iti embedded training 2022/tools/01- imt sdk/imt_sdk_win_64/winavr/bin/../lib/gcc/avr/4.3.3/avr5\libgcc.a(_mulsi3.o)
                              ./HAL/LCD/LCD_PROGRAM.o (__mulsi3)
d:/iti embedded training 2022/tools/01- imt sdk/imt_sdk_win_64/winavr/bin/../lib/gcc/avr/4.3.3/avr5\libgcc.a(_divmodsi4.o)
                              ./HAL/LCD/LCD_PROGRAM.o (__divmodsi4)
d:/iti embedded training 2022/tools/01- imt sdk/imt_sdk_win_64/winavr/bin/../lib/gcc/avr/4.3.3/avr5\libgcc.a(_exit.o)
                              d:/iti embedded training 2022/tools/01- imt sdk/imt_sdk_win_64/winavr/bin/../lib/gcc/avr/4.3.3/../../../../avr/lib/avr5/crtm32.o (exit)
d:/iti embedded training 2022/tools/01- imt sdk/imt_sdk_win_64/winavr/bin/../lib/gcc/avr/4.3.3/avr5\libgcc.a(_copy_data.o)
                              ./MCAL/UART/UART_CONFIG.o (__do_copy_data)
d:/iti embedded training 2022/tools/01- imt sdk/imt_sdk_win_64/winavr/bin/../lib/gcc/avr/4.3.3/avr5\libgcc.a(_clear_bss.o)
                              ./MCAL/Timer2/Timer2.o (__do_clear_bss)
d:/iti embedded training 2022/tools/01- imt sdk/imt_sdk_win_64/winavr/bin/../lib/gcc/avr/4.3.3/avr5\libgcc.a(_fixunssfsi.o)
                              ./MCAL/UART/UART.o (__fixunssfsi)
d:/iti embedded training 2022/tools/01- imt sdk/imt_sdk_win_64/winavr/bin/../lib/gcc/avr/4.3.3/avr5\libgcc.a(_floatundisf.o)
                              ./MCAL/UART/UART.o (__floatundisf)
d:/iti embedded training 2022/tools/01- imt sdk/imt_sdk_win_64/winavr/bin/../lib/gcc/avr/4.3.3/avr5\libgcc.a(_addsub_sf.o)
                              ./MCAL/UART/UART.o (__subsf3)
d:/iti embedded training 2022/tools/01- imt sdk/imt_sdk_win_64/winavr/bin/../lib/gcc/avr/4.3.3/avr5\libgcc.a(_mul_sf.o)
                              ./MCAL/UART/UART.o (__mulsf3)
d:/iti embedded training 2022/tools/01- imt sdk/imt_sdk_win_64/winavr/bin/../lib/gcc/avr/4.3.3/avr5\libgcc.a(_div_sf.o)
                              ./MCAL/UART/UART.o (__divsf3)
d:/iti embedded training 2022/tools/01- imt sdk/imt_sdk_win_64/winavr/bin/../lib/gcc/avr/4.3.3/avr5\libgcc.a(_ge_sf.o)
                              d:/iti embedded training 2022/tools/01- imt sdk/imt_sdk_win_64/winavr/bin/../lib/gcc/avr/4.3.3/avr5\libgcc.a(_fixunssfsi.o) (__gesf2)
d:/iti embedded training 2022/tools/01- imt sdk/imt_sdk_win_64/winavr/bin/../lib/gcc/avr/4.3.3/avr5\libgcc.a(_si_to_sf.o)
                              d:/iti embedded training 2022/tools/01- imt sdk/imt_sdk_win_64/winavr/bin/../lib/gcc/avr/4.3.3/avr5\libgcc.a(_floatundisf.o) (__floatsisf)
d:/iti embedded training 2022/tools/01- imt sdk/imt_sdk_win_64/winavr/bin/../lib/gcc/avr/4.3.3/avr5\libgcc.a(_sf_to_si.o)
                              d:/iti embedded training 2022/tools/01- imt sdk/imt_sdk_win_64/winavr/bin/../lib/gcc/avr/4.3.3/avr5\libgcc.a(_fixunssfsi.o) (__fixsfsi)
d:/iti embedded training 2022/tools/01- imt sdk/imt_sdk_win_64/winavr/bin/../lib/gcc/avr/4.3.3/avr5\libgcc.a(_thenan_sf.o)
                              d:/iti embedded training 2022/tools/01- imt sdk/imt_sdk_win_64/winavr/bin/../lib/gcc/avr/4.3.3/avr5\libgcc.a(_addsub_sf.o) (__thenan_sf)
d:/iti embedded training 2022/tools/01- imt sdk/imt_sdk_win_64/winavr/bin/../lib/gcc/avr/4.3.3/avr5\libgcc.a(_usi_to_sf.o)
                              ./MCAL/UART/UART.o (__floatunsisf)
d:/iti embedded training 2022/tools/01- imt sdk/imt_sdk_win_64/winavr/bin/../lib/gcc/avr/4.3.3/avr5\libgcc.a(_udivmodsi4.o)
                              d:/iti embedded training 2022/tools/01- imt sdk/imt_sdk_win_64/winavr/bin/../lib/gcc/avr/4.3.3/avr5\libgcc.a(_divmodsi4.o) (__udivmodsi4)
d:/iti embedded training 2022/tools/01- imt sdk/imt_sdk_win_64/winavr/bin/../lib/gcc/avr/4.3.3/avr5\libgcc.a(_prologue.o)
                              d:/iti embedded training 2022/tools/01- imt sdk/imt_sdk_win_64/winavr/bin/../lib/gcc/avr/4.3.3/avr5\libgcc.a(_floatundisf.o) (__prologue_saves__)
d:/iti embedded training 2022/tools/01- imt sdk/imt_sdk_win_64/winavr/bin/../lib/gcc/avr/4.3.3/avr5\libgcc.a(_epilogue.o)
                              d:/iti embedded training 2022/tools/01- imt sdk/imt_sdk_win_64/winavr/bin/../lib/gcc/avr/4.3.3/avr5\libgcc.a(_floatundisf.o) (__epilogue_restores__)
d:/iti embedded training 2022/tools/01- imt sdk/imt_sdk_win_64/winavr/bin/../lib/gcc/avr/4.3.3/avr5\libgcc.a(_lshrdi3.o)
                              d:/iti embedded training 2022/tools/01- imt sdk/imt_sdk_win_64/winavr/bin/../lib/gcc/avr/4.3.3/avr5\libgcc.a(_floatundisf.o) (__lshrdi3)
d:/iti embedded training 2022/tools/01- imt sdk/imt_sdk_win_64/winavr/bin/../lib/gcc/avr/4.3.3/avr5\libgcc.a(_clz.o)
                              d:/iti embedded training 2022/tools/01- imt sdk/imt_sdk_win_64/winavr/bin/../lib/gcc/avr/4.3.3/avr5\libgcc.a(_floatundisf.o) (__clz_tab)
d:/iti embedded training 2022/tools/01- imt sdk/imt_sdk_win_64/winavr/bin/../lib/gcc/avr/4.3.3/avr5\libgcc.a(_clzsi2.o)
                              d:/iti embedded training 2022/tools/01- imt sdk/imt_sdk_win_64/winavr/bin/../lib/gcc/avr/4.3.3/avr5\libgcc.a(_si_to_sf.o) (__clzsi2)
d:/iti embedded training 2022/tools/01- imt sdk/imt_sdk_win_64/winavr/bin/../lib/gcc/avr/4.3.3/avr5\libgcc.a(_pack_sf.o)
                              d:/iti embedded training 2022/tools/01- imt sdk/imt_sdk_win_64/winavr/bin/../lib/gcc/avr/4.3.3/avr5\libgcc.a(_addsub_sf.o) (__pack_f)
d:/iti embedded training 2022/tools/01- imt sdk/imt_sdk_win_64/winavr/bin/../lib/gcc/avr/4.3.3/avr5\libgcc.a(_unpack_sf.o)
                              d:/iti embedded training 2022/tools/01- imt sdk/imt_sdk_win_64/winavr/bin/../lib/gcc/avr/4.3.3/avr5\libgcc.a(_addsub_sf.o) (__unpack_f)
d:/iti embedded training 2022/tools/01- imt sdk/imt_sdk_win_64/winavr/bin/../lib/gcc/avr/4.3.3/avr5\libgcc.a(_fpcmp_parts_sf.o)
                              d:/iti embedded training 2022/tools/01- imt sdk/imt_sdk_win_64/winavr/bin/../lib/gcc/avr/4.3.3/avr5\libgcc.a(_ge_sf.o) (__fpcmp_parts_f)

Allocating common symbols
Common symbol       size              file

Control_union       0x1               ./HAL/LOGIN/LOGIN.o

Memory Configuration

Name             Origin             Length             Attributes
text             0x00000000         0x00020000         xr
data             0x00800060         0x0000ffa0         rw !x
eeprom           0x00810000         0x00010000         rw !x
fuse             0x00820000         0x00000400         rw !x
lock             0x00830000         0x00000400         rw !x
signature        0x00840000         0x00000400         rw !x
*default*        0x00000000         0xffffffff

Linker script and memory map

LOAD d:/iti embedded training 2022/tools/01- imt sdk/imt_sdk_win_64/winavr/bin/../lib/gcc/avr/4.3.3/../../../../avr/lib/avr5/crtm32.o
LOAD ./MCAL/UART/UART.o
LOAD ./MCAL/UART/UART_CONFIG.o
LOAD ./MCAL/Timer2/Timer2.o
LOAD ./MCAL/TIMER1/TIMER1_PROGRAM.o
LOAD ./MCAL/TIMER0/TIMER0_PROGRAM.o
LOAD ./MCAL/SPI/SPI.o
LOAD ./MCAL/GIE/GIE_PROGRAM.o
LOAD ./MCAL/EXTI/EXTI_PROGRAM.o
LOAD ./MCAL/DIO/DIO_PROGAM.o
LOAD ./MCAL/ADC/ADC_PROGRAM.o
LOAD ./HAL/LOGIN/LOGIN.o
LOAD ./HAL/LCD/LCD_PROGRAM.o
LOAD ./HAL/DISP_OPT/DISP_OPT.o
LOAD ./HAL/CONTROL/CONTROL.o
LOAD ./APP/main.o
LOAD d:/iti embedded training 2022/tools/01- imt sdk/imt_sdk_win_64/winavr/bin/../lib/gcc/avr/4.3.3/avr5\libgcc.a
LOAD d:/iti embedded training 2022/tools/01- imt sdk/imt_sdk_win_64/winavr/bin/../lib/gcc/avr/4.3.3/../../../../avr/lib/avr5\libc.a
LOAD d:/iti embedded training 2022/tools/01- imt sdk/imt_sdk_win_64/winavr/bin/../lib/gcc/avr/4.3.3/avr5\libgcc.a

.hash
 *(.hash)

.dynsym
 *(.dynsym)

.dynstr
 *(.dynstr)

.gnu.version
 *(.gnu.version)

.gnu.version_d
 *(.gnu.version_d)

.gnu.version_r
 *(.gnu.version_r)

.rel.init
 *(.rel.init)

.rela.init
 *(.rela.init)

.rel.text
 *(.rel.text)
 *(.rel.text.*)
 *(.rel.gnu.linkonce.t*)

.rela.text
 *(.rela.text)
 *(.rela.text.*)
 *(.rela.gnu.linkonce.t*)

.rel.fini
 *(.rel.fini)

.rela.fini
 *(.rela.fini)

.rel.rodata
 *(.rel.rodata)
 *(.rel.rodata.*)
 *(.rel.gnu.linkonce.r*)

.rela.rodata
 *(.rela.rodata)
 *(.rela.rodata.*)
 *(.rela.gnu.linkonce.r*)

.rel.data
 *(.rel.data)
 *(.rel.data.*)
 *(.rel.gnu.linkonce.d*)

.rela.data
 *(.rela.data)
 *(.rela.data.*)
 *(.rela.gnu.linkonce.d*)

.rel.ctors
 *(.rel.ctors)

.rela.ctors
 *(.rela.ctors)

.rel.dtors
 *(.rel.dtors)

.rela.dtors
 *(.rela.dtors)

.rel.got
 *(.rel.got)

.rela.got
 *(.rela.got)

.rel.bss
 *(.rel.bss)

.rela.bss
 *(.rela.bss)

.rel.plt
 *(.rel.plt)

.rela.plt
 *(.rela.plt)

.text           0x00000000     0x349c
 *(.vectors)
 .vectors       0x00000000       0x54 d:/iti embedded training 2022/tools/01- imt sdk/imt_sdk_win_64/winavr/bin/../lib/gcc/avr/4.3.3/../../../../avr/lib/avr5/crtm32.o
                0x00000000                __vectors
                0x00000000                __vector_default
 *(.vectors)
 *(.progmem.gcc*)
 *(.progmem*)
                0x00000054                . = ALIGN (0x2)
                0x00000054                __trampolines_start = .
 *(.trampolines)
 .trampolines   0x00000054        0x0 linker stubs
 *(.trampolines*)
                0x00000054                __trampolines_end = .
 *(.jumptables)
 *(.jumptables*)
 *(.lowtext)
 *(.lowtext*)
                0x00000054                __ctors_start = .
 *(.ctors)
                0x00000054                __ctors_end = .
                0x00000054                __dtors_start = .
 *(.dtors)
                0x00000054                __dtors_end = .
 SORT(*)(.ctors)
 SORT(*)(.dtors)
 *(.init0)
 .init0         0x00000054        0x0 d:/iti embedded training 2022/tools/01- imt sdk/imt_sdk_win_64/winavr/bin/../lib/gcc/avr/4.3.3/../../../../avr/lib/avr5/crtm32.o
                0x00000054                __init
 *(.init0)
 *(.init1)
 *(.init1)
 *(.init2)
 .init2         0x00000054        0xc d:/iti embedded training 2022/tools/01- imt sdk/imt_sdk_win_64/winavr/bin/../lib/gcc/avr/4.3.3/../../../../avr/lib/avr5/crtm32.o
 *(.init2)
 *(.init3)
 *(.init3)
 *(.init4)
 .init4         0x00000060       0x16 d:/iti embedded training 2022/tools/01- imt sdk/imt_sdk_win_64/winavr/bin/../lib/gcc/avr/4.3.3/avr5\libgcc.a(_copy_data.o)
                0x00000060                __do_copy_data
 .init4         0x00000076       0x10 d:/iti embedded training 2022/tools/01- imt sdk/imt_sdk_win_64/winavr/bin/../lib/gcc/avr/4.3.3/avr5\libgcc.a(_clear_bss.o)
                0x00000076                __do_clear_bss
 *(.init4)
 *(.init5)
 *(.init5)
 *(.init6)
 *(.init6)
 *(.init7)
 *(.init7)
 *(.init8)
 *(.init8)
 *(.init9)
 .init9         0x00000086        0x8 d:/iti embedded training 2022/tools/01- imt sdk/imt_sdk_win_64/winavr/bin/../lib/gcc/avr/4.3.3/../../../../avr/lib/avr5/crtm32.o
 *(.init9)
 *(.text)
 .text          0x0000008e        0x4 d:/iti embedded training 2022/tools/01- imt sdk/imt_sdk_win_64/winavr/bin/../lib/gcc/avr/4.3.3/../../../../avr/lib/avr5/crtm32.o
                0x0000008e                __vector_1
                0x0000008e                __vector_12
                0x0000008e                __bad_interrupt
                0x0000008e                __vector_6
                0x0000008e                __vector_3
                0x0000008e                __vector_11
                0x0000008e                __vector_13
                0x0000008e                __vector_17
                0x0000008e                __vector_19
                0x0000008e                __vector_7
                0x0000008e                __vector_2
                0x0000008e                __vector_15
                0x0000008e                __vector_8
                0x0000008e                __vector_14
                0x0000008e                __vector_16
                0x0000008e                __vector_18
                0x0000008e                __vector_20
 .text          0x00000092        0x0 ./MCAL/UART/UART.o
 .text          0x00000092        0x0 ./MCAL/UART/UART_CONFIG.o
 .text          0x00000092        0x0 ./MCAL/Timer2/Timer2.o
 .text          0x00000092        0x0 ./MCAL/TIMER1/TIMER1_PROGRAM.o
 .text          0x00000092        0x0 ./MCAL/TIMER0/TIMER0_PROGRAM.o
 .text          0x00000092        0x0 ./MCAL/SPI/SPI.o
 .text          0x00000092        0x0 ./MCAL/GIE/GIE_PROGRAM.o
 .text          0x00000092        0x0 ./MCAL/EXTI/EXTI_PROGRAM.o
 .text          0x00000092        0x0 ./MCAL/DIO/DIO_PROGAM.o
 .text          0x00000092        0x0 ./MCAL/ADC/ADC_PROGRAM.o
 .text          0x00000092        0x0 ./HAL/LOGIN/LOGIN.o
 .text          0x00000092        0x0 ./HAL/LCD/LCD_PROGRAM.o
 .text          0x00000092        0x0 ./HAL/DISP_OPT/DISP_OPT.o
 .text          0x00000092        0x0 ./HAL/CONTROL/CONTROL.o
 .text          0x00000092        0x0 ./APP/main.o
 .text          0x00000092        0x0 d:/iti embedded training 2022/tools/01- imt sdk/imt_sdk_win_64/winavr/bin/../lib/gcc/avr/4.3.3/avr5\libgcc.a(_mulsi3.o)
 .text          0x00000092        0x0 d:/iti embedded training 2022/tools/01- imt sdk/imt_sdk_win_64/winavr/bin/../lib/gcc/avr/4.3.3/avr5\libgcc.a(_divmodsi4.o)
 .text          0x00000092        0x0 d:/iti embedded training 2022/tools/01- imt sdk/imt_sdk_win_64/winavr/bin/../lib/gcc/avr/4.3.3/avr5\libgcc.a(_exit.o)
 .text          0x00000092        0x0 d:/iti embedded training 2022/tools/01- imt sdk/imt_sdk_win_64/winavr/bin/../lib/gcc/avr/4.3.3/avr5\libgcc.a(_copy_data.o)
 .text          0x00000092        0x0 d:/iti embedded training 2022/tools/01- imt sdk/imt_sdk_win_64/winavr/bin/../lib/gcc/avr/4.3.3/avr5\libgcc.a(_clear_bss.o)
 .text          0x00000092       0x58 d:/iti embedded training 2022/tools/01- imt sdk/imt_sdk_win_64/winavr/bin/../lib/gcc/avr/4.3.3/avr5\libgcc.a(_fixunssfsi.o)
                0x00000092                __fixunssfsi
 .text          0x000000ea      0x1b8 d:/iti embedded training 2022/tools/01- imt sdk/imt_sdk_win_64/winavr/bin/../lib/gcc/avr/4.3.3/avr5\libgcc.a(_floatundisf.o)
                0x000000ea                __floatundisf
 .text          0x000002a2      0x354 d:/iti embedded training 2022/tools/01- imt sdk/imt_sdk_win_64/winavr/bin/../lib/gcc/avr/4.3.3/avr5\libgcc.a(_addsub_sf.o)
                0x0000053a                __subsf3
                0x0000059c                __addsf3
 .text          0x000005f6      0x1f4 d:/iti embedded training 2022/tools/01- imt sdk/imt_sdk_win_64/winavr/bin/../lib/gcc/avr/4.3.3/avr5\libgcc.a(_mul_sf.o)
                0x000005f6                __mulsf3
 .text          0x000007ea      0x158 d:/iti embedded training 2022/tools/01- imt sdk/imt_sdk_win_64/winavr/bin/../lib/gcc/avr/4.3.3/avr5\libgcc.a(_div_sf.o)
                0x000007ea                __divsf3
 .text          0x00000942       0x60 d:/iti embedded training 2022/tools/01- imt sdk/imt_sdk_win_64/winavr/bin/../lib/gcc/avr/4.3.3/avr5\libgcc.a(_ge_sf.o)
                0x00000942                __gesf2
 .text          0x000009a2       0xbc d:/iti embedded training 2022/tools/01- imt sdk/imt_sdk_win_64/winavr/bin/../lib/gcc/avr/4.3.3/avr5\libgcc.a(_si_to_sf.o)
                0x000009a2                __floatsisf
 .text          0x00000a5e       0xa8 d:/iti embedded training 2022/tools/01- imt sdk/imt_sdk_win_64/winavr/bin/../lib/gcc/avr/4.3.3/avr5\libgcc.a(_sf_to_si.o)
                0x00000a5e                __fixsfsi
 .text          0x00000b06        0x0 d:/iti embedded training 2022/tools/01- imt sdk/imt_sdk_win_64/winavr/bin/../lib/gcc/avr/4.3.3/avr5\libgcc.a(_thenan_sf.o)
 .text          0x00000b06       0xf2 d:/iti embedded training 2022/tools/01- imt sdk/imt_sdk_win_64/winavr/bin/../lib/gcc/avr/4.3.3/avr5\libgcc.a(_usi_to_sf.o)
                0x00000b06                __floatunsisf
 .text          0x00000bf8        0x0 d:/iti embedded training 2022/tools/01- imt sdk/imt_sdk_win_64/winavr/bin/../lib/gcc/avr/4.3.3/avr5\libgcc.a(_udivmodsi4.o)
 .text          0x00000bf8        0x0 d:/iti embedded training 2022/tools/01- imt sdk/imt_sdk_win_64/winavr/bin/../lib/gcc/avr/4.3.3/avr5\libgcc.a(_prologue.o)
 .text          0x00000bf8        0x0 d:/iti embedded training 2022/tools/01- imt sdk/imt_sdk_win_64/winavr/bin/../lib/gcc/avr/4.3.3/avr5\libgcc.a(_epilogue.o)
 .text          0x00000bf8       0xfe d:/iti embedded training 2022/tools/01- imt sdk/imt_sdk_win_64/winavr/bin/../lib/gcc/avr/4.3.3/avr5\libgcc.a(_lshrdi3.o)
                0x00000bf8                __lshrdi3
 .text          0x00000cf6        0x0 d:/iti embedded training 2022/tools/01- imt sdk/imt_sdk_win_64/winavr/bin/../lib/gcc/avr/4.3.3/avr5\libgcc.a(_clz.o)
 .text          0x00000cf6       0x9e d:/iti embedded training 2022/tools/01- imt sdk/imt_sdk_win_64/winavr/bin/../lib/gcc/avr/4.3.3/avr5\libgcc.a(_clzsi2.o)
                0x00000cf6                __clzsi2
 .text          0x00000d94      0x1aa d:/iti embedded training 2022/tools/01- imt sdk/imt_sdk_win_64/winavr/bin/../lib/gcc/avr/4.3.3/avr5\libgcc.a(_pack_sf.o)
                0x00000d94                __pack_f
 .text          0x00000f3e       0xf0 d:/iti embedded training 2022/tools/01- imt sdk/imt_sdk_win_64/winavr/bin/../lib/gcc/avr/4.3.3/avr5\libgcc.a(_unpack_sf.o)
                0x00000f3e                __unpack_f
 .text          0x0000102e       0xb2 d:/iti embedded training 2022/tools/01- imt sdk/imt_sdk_win_64/winavr/bin/../lib/gcc/avr/4.3.3/avr5\libgcc.a(_fpcmp_parts_sf.o)
                0x0000102e                __fpcmp_parts_f
                0x000010e0                . = ALIGN (0x2)
 *(.text.*)
 .text.UART_init
                0x000010e0      0x300 ./MCAL/UART/UART.o
                0x000010e0                UART_init
 .text.UART_transmit_Char
                0x000013e0       0x38 ./MCAL/UART/UART.o
                0x000013e0                UART_transmit_Char
 .text.UART_recieve_Char
                0x00001418       0x1e ./MCAL/UART/UART.o
                0x00001418                UART_recieve_Char
 .text.UART_transmit_String
                0x00001436       0x56 ./MCAL/UART/UART.o
                0x00001436                UART_transmit_String
 .text.MTIMER2_voidInit
                0x0000148c       0x5c ./MCAL/Timer2/Timer2.o
                0x0000148c                MTIMER2_voidInit
 .text.MTIMER2_voidSetDuty
                0x000014e8       0x1c ./MCAL/Timer2/Timer2.o
                0x000014e8                MTIMER2_voidSetDuty
 .text.MTIMER2_voidTimer2OVSetCallBack
                0x00001504       0x2c ./MCAL/Timer2/Timer2.o
                0x00001504                MTIMER2_voidTimer2OVSetCallBack
 .text.MTIMER2_voidTimer2CTCSetCallBack
                0x00001530       0x2c ./MCAL/Timer2/Timer2.o
                0x00001530                MTIMER2_voidTimer2CTCSetCallBack
 .text.MTIMER2_voidSetBusyWait
                0x0000155c       0x72 ./MCAL/Timer2/Timer2.o
                0x0000155c                MTIMER2_voidSetBusyWait
 .text.__vector_5
                0x000015ce       0x6e ./MCAL/Timer2/Timer2.o
                0x000015ce                __vector_5
 .text.__vector_4
                0x0000163c       0x66 ./MCAL/Timer2/Timer2.o
                0x0000163c                __vector_4
 .text.TIMER1_FPWMinit
                0x000016a2       0x90 ./MCAL/TIMER1/TIMER1_PROGRAM.o
                0x000016a2                TIMER1_FPWMinit
 .text.TIMER1_SetDutyCycle
                0x00001732       0x24 ./MCAL/TIMER1/TIMER1_PROGRAM.o
                0x00001732                TIMER1_SetDutyCycle
 .text.MTIMER0_voidInit
                0x00001756       0x6a ./MCAL/TIMER0/TIMER0_PROGRAM.o
                0x00001756                MTIMER0_voidInit
 .text.MTIMER0_voidSetDuty
                0x000017c0       0x1c ./MCAL/TIMER0/TIMER0_PROGRAM.o
                0x000017c0                MTIMER0_voidSetDuty
 .text.MTIMER0_voidTimer0OVSetCallBack
                0x000017dc       0x2c ./MCAL/TIMER0/TIMER0_PROGRAM.o
                0x000017dc                MTIMER0_voidTimer0OVSetCallBack
 .text.MTIMER0_voidTimer0CTCSetCallBack
                0x00001808       0x2c ./MCAL/TIMER0/TIMER0_PROGRAM.o
                0x00001808                MTIMER0_voidTimer0CTCSetCallBack
 .text.MTIMER0_voidSetBusyWait
                0x00001834       0x72 ./MCAL/TIMER0/TIMER0_PROGRAM.o
                0x00001834                MTIMER0_voidSetBusyWait
 .text.__vector_9
                0x000018a6       0x66 ./MCAL/TIMER0/TIMER0_PROGRAM.o
                0x000018a6                __vector_9
 .text.__vector_10
                0x0000190c       0x66 ./MCAL/TIMER0/TIMER0_PROGRAM.o
                0x0000190c                __vector_10
 .text.SPI_InitMaster
                0x00001972       0x2a ./MCAL/SPI/SPI.o
                0x00001972                SPI_InitMaster
 .text.SPI_InitSlave
                0x0000199c       0x66 ./MCAL/SPI/SPI.o
                0x0000199c                SPI_InitSlave
 .text.SPI_SendRecieve
                0x00001a02       0x2c ./MCAL/SPI/SPI.o
                0x00001a02                SPI_SendRecieve
 .text.SPI_Send
                0x00001a2e       0x26 ./MCAL/SPI/SPI.o
                0x00001a2e                SPI_Send
 .text.SPI_Recieve
                0x00001a54       0x1e ./MCAL/SPI/SPI.o
                0x00001a54                SPI_Recieve
 .text.GIE_voidEnable
                0x00001a72       0x1c ./MCAL/GIE/GIE_PROGRAM.o
                0x00001a72                GIE_voidEnable
 .text.GIE_voidDisable
                0x00001a8e       0x1c ./MCAL/GIE/GIE_PROGRAM.o
                0x00001a8e                GIE_voidDisable
 .text.EXTI_voidInt0Init
                0x00001aaa       0x38 ./MCAL/EXTI/EXTI_PROGRAM.o
                0x00001aaa                EXTI_voidInt0Init
 .text.EXTI_voidInt1Init
                0x00001ae2        0xe ./MCAL/EXTI/EXTI_PROGRAM.o
                0x00001ae2                EXTI_voidInt1Init
 .text.EXTI_voidInt2Init
                0x00001af0        0xe ./MCAL/EXTI/EXTI_PROGRAM.o
                0x00001af0                EXTI_voidInt2Init
 .text.DIO_SetPinDirection
                0x00001afe      0x1e4 ./MCAL/DIO/DIO_PROGAM.o
                0x00001afe                DIO_SetPinDirection
 .text.DIO_SetPinValue
                0x00001ce2      0x1e4 ./MCAL/DIO/DIO_PROGAM.o
                0x00001ce2                DIO_SetPinValue
 .text.DIO_GetPinValue
                0x00001ec6      0x100 ./MCAL/DIO/DIO_PROGAM.o
                0x00001ec6                DIO_GetPinValue
 .text.DIO_SetPortDirection
                0x00001fc6       0x82 ./MCAL/DIO/DIO_PROGAM.o
                0x00001fc6                DIO_SetPortDirection
 .text.DIO_SetPortValue
                0x00002048       0x82 ./MCAL/DIO/DIO_PROGAM.o
                0x00002048                DIO_SetPortValue
 .text.DIO_GetPortValue
                0x000020ca       0x88 ./MCAL/DIO/DIO_PROGAM.o
                0x000020ca                DIO_GetPortValue
 .text.ADC_voidInit
                0x00002152       0x54 ./MCAL/ADC/ADC_PROGRAM.o
                0x00002152                ADC_voidInit
 .text.ADC_u8StartConversion
                0x000021a6       0x6c ./MCAL/ADC/ADC_PROGRAM.o
                0x000021a6                ADC_u8StartConversion
 .text.Program_Init
                0x00002212       0x3a ./HAL/LOGIN/LOGIN.o
                0x00002212                Program_Init
 .text.Login_CheckInputs
                0x0000224c      0x15a ./HAL/LOGIN/LOGIN.o
                0x0000224c                Login_CheckInputs
 .text.Login_ChangePass
                0x000023a6       0x54 ./HAL/LOGIN/LOGIN.o
                0x000023a6                Login_ChangePass
 .text.LCD_WriteCommand
                0x000023fa       0x96 ./HAL/LCD/LCD_PROGRAM.o
                0x000023fa                LCD_WriteCommand
 .text.LCD_WriteCharData
                0x00002490       0x86 ./HAL/LCD/LCD_PROGRAM.o
                0x00002490                LCD_WriteCharData
 .text.LCD_WriteStringData
                0x00002516       0x76 ./HAL/LCD/LCD_PROGRAM.o
                0x00002516                LCD_WriteStringData
 .text.LCD_GoToPosition
                0x0000258c       0x68 ./HAL/LCD/LCD_PROGRAM.o
                0x0000258c                LCD_GoToPosition
 .text.LCD_Init
                0x000025f4       0xba ./HAL/LCD/LCD_PROGRAM.o
                0x000025f4                LCD_Init
 .text.IntToString
                0x000026ae      0x18a ./HAL/LCD/LCD_PROGRAM.o
                0x000026ae                IntToString
 .text.LCD_WriteIntData
                0x00002838       0x70 ./HAL/LCD/LCD_PROGRAM.o
                0x00002838                LCD_WriteIntData
 .text.LCD_ReadInput
                0x000028a8      0x12e ./HAL/LCD/LCD_PROGRAM.o
                0x000028a8                LCD_ReadInput
 .text.Display_Data_LDC2
                0x000029d6       0x70 ./HAL/DISP_OPT/DISP_OPT.o
                0x000029d6                Display_Data_LDC2
 .text.DISP_OPT_Init
                0x00002a46      0x19c ./HAL/DISP_OPT/DISP_OPT.o
                0x00002a46                DISP_OPT_Init
 .text.DISP_OPT_AC
                0x00002be2       0xd0 ./HAL/DISP_OPT/DISP_OPT.o
                0x00002be2                DISP_OPT_AC
 .text.DISP_OPT_LDR
                0x00002cb2       0xda ./HAL/DISP_OPT/DISP_OPT.o
                0x00002cb2                DISP_OPT_LDR
 .text.DISP_OPT_DOOR
                0x00002d8c       0xda ./HAL/DISP_OPT/DISP_OPT.o
                0x00002d8c                DISP_OPT_DOOR
 .text.DISP_OPT_MUSIC
                0x00002e66       0xda ./HAL/DISP_OPT/DISP_OPT.o
                0x00002e66                DISP_OPT_MUSIC
 .text.USER_MODE_Init
                0x00002f40       0xf0 ./HAL/DISP_OPT/DISP_OPT.o
                0x00002f40                USER_MODE_Init
 .text.CONTROL_Init
                0x00003030       0x2c ./HAL/CONTROL/CONTROL.o
                0x00003030                CONTROL_Init
 .text.CONTROL_DOOR
                0x0000305c       0x66 ./HAL/CONTROL/CONTROL.o
                0x0000305c                CONTROL_DOOR
 .text.CONTROL_LDR
                0x000030c2       0x54 ./HAL/CONTROL/CONTROL.o
                0x000030c2                CONTROL_LDR
 .text.CONTROL_Music
                0x00003116       0x58 ./HAL/CONTROL/CONTROL.o
                0x00003116                CONTROL_Music
 .text.Change_TempThreshold
                0x0000316e       0x6c ./HAL/CONTROL/CONTROL.o
                0x0000316e                Change_TempThreshold
 .text.Control_SendUART
                0x000031da      0x17e ./HAL/CONTROL/CONTROL.o
                0x000031da                Control_SendUART
 .text.main     0x00003358       0x1a ./APP/main.o
                0x00003358                main
 .text.libgcc   0x00003372       0x3e d:/iti embedded training 2022/tools/01- imt sdk/imt_sdk_win_64/winavr/bin/../lib/gcc/avr/4.3.3/avr5\libgcc.a(_mulsi3.o)
                0x00003372                __mulsi3
 .text.libgcc   0x000033b0       0x36 d:/iti embedded training 2022/tools/01- imt sdk/imt_sdk_win_64/winavr/bin/../lib/gcc/avr/4.3.3/avr5\libgcc.a(_divmodsi4.o)
                0x000033b0                __divmodsi4
 .text.libgcc   0x000033e6        0x0 d:/iti embedded training 2022/tools/01- imt sdk/imt_sdk_win_64/winavr/bin/../lib/gcc/avr/4.3.3/avr5\libgcc.a(_exit.o)
 .text.libgcc   0x000033e6        0x0 d:/iti embedded training 2022/tools/01- imt sdk/imt_sdk_win_64/winavr/bin/../lib/gcc/avr/4.3.3/avr5\libgcc.a(_copy_data.o)
 .text.libgcc   0x000033e6        0x0 d:/iti embedded training 2022/tools/01- imt sdk/imt_sdk_win_64/winavr/bin/../lib/gcc/avr/4.3.3/avr5\libgcc.a(_clear_bss.o)
 .text.libgcc   0x000033e6       0x44 d:/iti embedded training 2022/tools/01- imt sdk/imt_sdk_win_64/winavr/bin/../lib/gcc/avr/4.3.3/avr5\libgcc.a(_udivmodsi4.o)
                0x000033e6                __udivmodsi4
 .text.libgcc   0x0000342a       0x38 d:/iti embedded training 2022/tools/01- imt sdk/imt_sdk_win_64/winavr/bin/../lib/gcc/avr/4.3.3/avr5\libgcc.a(_prologue.o)
                0x0000342a                __prologue_saves__
 .text.libgcc   0x00003462       0x36 d:/iti embedded training 2022/tools/01- imt sdk/imt_sdk_win_64/winavr/bin/../lib/gcc/avr/4.3.3/avr5\libgcc.a(_epilogue.o)
                0x00003462                __epilogue_restores__
                0x00003498                . = ALIGN (0x2)
 *(.fini9)
 .fini9         0x00003498        0x0 d:/iti embedded training 2022/tools/01- imt sdk/imt_sdk_win_64/winavr/bin/../lib/gcc/avr/4.3.3/avr5\libgcc.a(_exit.o)
                0x00003498                exit
                0x00003498                _exit
 *(.fini9)
 *(.fini8)
 *(.fini8)
 *(.fini7)
 *(.fini7)
 *(.fini6)
 *(.fini6)
 *(.fini5)
 *(.fini5)
 *(.fini4)
 *(.fini4)
 *(.fini3)
 *(.fini3)
 *(.fini2)
 *(.fini2)
 *(.fini1)
 *(.fini1)
 *(.fini0)
 .fini0         0x00003498        0x4 d:/iti embedded training 2022/tools/01- imt sdk/imt_sdk_win_64/winavr/bin/../lib/gcc/avr/4.3.3/avr5\libgcc.a(_exit.o)
 *(.fini0)
                0x0000349c                _etext = .

.data           0x00800060      0x332 load address 0x0000349c
                0x00800060                PROVIDE (__data_start, .)
 *(.data)
 .data          0x00800060        0x0 d:/iti embedded training 2022/tools/01- imt sdk/imt_sdk_win_64/winavr/bin/../lib/gcc/avr/4.3.3/../../../../avr/lib/avr5/crtm32.o
 .data          0x00800060        0x0 ./MCAL/UART/UART.o
 .data          0x00800060        0x0 ./MCAL/UART/UART_CONFIG.o
 .data          0x00800060        0x0 ./MCAL/Timer2/Timer2.o
 .data          0x00800060        0x0 ./MCAL/TIMER1/TIMER1_PROGRAM.o
 .data          0x00800060        0x0 ./MCAL/TIMER0/TIMER0_PROGRAM.o
 .data          0x00800060        0x0 ./MCAL/SPI/SPI.o
 .data          0x00800060        0x0 ./MCAL/GIE/GIE_PROGRAM.o
 .data          0x00800060        0x0 ./MCAL/EXTI/EXTI_PROGRAM.o
 .data          0x00800060        0x0 ./MCAL/DIO/DIO_PROGAM.o
 .data          0x00800060        0x0 ./MCAL/ADC/ADC_PROGRAM.o
 .data          0x00800060       0x72 ./HAL/LOGIN/LOGIN.o
 .data          0x008000d2        0x0 ./HAL/LCD/LCD_PROGRAM.o
 .data          0x008000d2      0x104 ./HAL/DISP_OPT/DISP_OPT.o
 .data          0x008001d6       0x9c ./HAL/CONTROL/CONTROL.o
 .data          0x00800272        0x0 ./APP/main.o
 .data          0x00800272        0x0 d:/iti embedded training 2022/tools/01- imt sdk/imt_sdk_win_64/winavr/bin/../lib/gcc/avr/4.3.3/avr5\libgcc.a(_mulsi3.o)
 .data          0x00800272        0x0 d:/iti embedded training 2022/tools/01- imt sdk/imt_sdk_win_64/winavr/bin/../lib/gcc/avr/4.3.3/avr5\libgcc.a(_divmodsi4.o)
 .data          0x00800272        0x0 d:/iti embedded training 2022/tools/01- imt sdk/imt_sdk_win_64/winavr/bin/../lib/gcc/avr/4.3.3/avr5\libgcc.a(_exit.o)
 .data          0x00800272        0x0 d:/iti embedded training 2022/tools/01- imt sdk/imt_sdk_win_64/winavr/bin/../lib/gcc/avr/4.3.3/avr5\libgcc.a(_copy_data.o)
 .data          0x00800272        0x0 d:/iti embedded training 2022/tools/01- imt sdk/imt_sdk_win_64/winavr/bin/../lib/gcc/avr/4.3.3/avr5\libgcc.a(_clear_bss.o)
 .data          0x00800272        0x0 d:/iti embedded training 2022/tools/01- imt sdk/imt_sdk_win_64/winavr/bin/../lib/gcc/avr/4.3.3/avr5\libgcc.a(_fixunssfsi.o)
 .data          0x00800272        0x0 d:/iti embedded training 2022/tools/01- imt sdk/imt_sdk_win_64/winavr/bin/../lib/gcc/avr/4.3.3/avr5\libgcc.a(_floatundisf.o)
 .data          0x00800272        0x0 d:/iti embedded training 2022/tools/01- imt sdk/imt_sdk_win_64/winavr/bin/../lib/gcc/avr/4.3.3/avr5\libgcc.a(_addsub_sf.o)
 .data          0x00800272        0x0 d:/iti embedded training 2022/tools/01- imt sdk/imt_sdk_win_64/winavr/bin/../lib/gcc/avr/4.3.3/avr5\libgcc.a(_mul_sf.o)
 .data          0x00800272        0x0 d:/iti embedded training 2022/tools/01- imt sdk/imt_sdk_win_64/winavr/bin/../lib/gcc/avr/4.3.3/avr5\libgcc.a(_div_sf.o)
 .data          0x00800272        0x0 d:/iti embedded training 2022/tools/01- imt sdk/imt_sdk_win_64/winavr/bin/../lib/gcc/avr/4.3.3/avr5\libgcc.a(_ge_sf.o)
 .data          0x00800272        0x0 d:/iti embedded training 2022/tools/01- imt sdk/imt_sdk_win_64/winavr/bin/../lib/gcc/avr/4.3.3/avr5\libgcc.a(_si_to_sf.o)
 .data          0x00800272        0x0 d:/iti embedded training 2022/tools/01- imt sdk/imt_sdk_win_64/winavr/bin/../lib/gcc/avr/4.3.3/avr5\libgcc.a(_sf_to_si.o)
 .data          0x00800272        0x8 d:/iti embedded training 2022/tools/01- imt sdk/imt_sdk_win_64/winavr/bin/../lib/gcc/avr/4.3.3/avr5\libgcc.a(_thenan_sf.o)
                0x00800272                __thenan_sf
 .data          0x0080027a        0x0 d:/iti embedded training 2022/tools/01- imt sdk/imt_sdk_win_64/winavr/bin/../lib/gcc/avr/4.3.3/avr5\libgcc.a(_usi_to_sf.o)
 .data          0x0080027a        0x0 d:/iti embedded training 2022/tools/01- imt sdk/imt_sdk_win_64/winavr/bin/../lib/gcc/avr/4.3.3/avr5\libgcc.a(_udivmodsi4.o)
 .data          0x0080027a        0x0 d:/iti embedded training 2022/tools/01- imt sdk/imt_sdk_win_64/winavr/bin/../lib/gcc/avr/4.3.3/avr5\libgcc.a(_prologue.o)
 .data          0x0080027a        0x0 d:/iti embedded training 2022/tools/01- imt sdk/imt_sdk_win_64/winavr/bin/../lib/gcc/avr/4.3.3/avr5\libgcc.a(_epilogue.o)
 .data          0x0080027a        0x0 d:/iti embedded training 2022/tools/01- imt sdk/imt_sdk_win_64/winavr/bin/../lib/gcc/avr/4.3.3/avr5\libgcc.a(_lshrdi3.o)
 .data          0x0080027a      0x100 d:/iti embedded training 2022/tools/01- imt sdk/imt_sdk_win_64/winavr/bin/../lib/gcc/avr/4.3.3/avr5\libgcc.a(_clz.o)
                0x0080027a                __clz_tab
 .data          0x0080037a        0x0 d:/iti embedded training 2022/tools/01- imt sdk/imt_sdk_win_64/winavr/bin/../lib/gcc/avr/4.3.3/avr5\libgcc.a(_clzsi2.o)
 .data          0x0080037a        0x0 d:/iti embedded training 2022/tools/01- imt sdk/imt_sdk_win_64/winavr/bin/../lib/gcc/avr/4.3.3/avr5\libgcc.a(_pack_sf.o)
 .data          0x0080037a        0x0 d:/iti embedded training 2022/tools/01- imt sdk/imt_sdk_win_64/winavr/bin/../lib/gcc/avr/4.3.3/avr5\libgcc.a(_unpack_sf.o)
 .data          0x0080037a        0x0 d:/iti embedded training 2022/tools/01- imt sdk/imt_sdk_win_64/winavr/bin/../lib/gcc/avr/4.3.3/avr5\libgcc.a(_fpcmp_parts_sf.o)
 *(.data*)
 .data.ptr      0x0080037a        0xe ./MCAL/UART/UART_CONFIG.o
                0x0080037a                ptr
 .data.CorrectPass
                0x00800388        0x4 ./HAL/LOGIN/LOGIN.o
                0x00800388                CorrectPass
 .data.GLOBAL_Display
                0x0080038c        0x5 ./HAL/CONTROL/CONTROL.o
                0x0080038c                GLOBAL_Display
 .data.Temp_Threshold
                0x00800391        0x1 ./HAL/CONTROL/CONTROL.o
                0x00800391                Temp_Threshold
 *(.rodata)
 *(.rodata*)
 *(.gnu.linkonce.d*)
                0x00800392                . = ALIGN (0x2)
                0x00800392                _edata = .
                0x00800392                PROVIDE (__data_end, .)

.bss            0x00800392        0xd
                0x00800392                PROVIDE (__bss_start, .)
 *(.bss)
 .bss           0x00800392        0x0 d:/iti embedded training 2022/tools/01- imt sdk/imt_sdk_win_64/winavr/bin/../lib/gcc/avr/4.3.3/../../../../avr/lib/avr5/crtm32.o
 .bss           0x00800392        0x0 ./MCAL/UART/UART.o
 .bss           0x00800392        0x0 ./MCAL/UART/UART_CONFIG.o
 .bss           0x00800392        0x0 ./MCAL/Timer2/Timer2.o
 .bss           0x00800392        0x0 ./MCAL/TIMER1/TIMER1_PROGRAM.o
 .bss           0x00800392        0x0 ./MCAL/TIMER0/TIMER0_PROGRAM.o
 .bss           0x00800392        0x0 ./MCAL/SPI/SPI.o
 .bss           0x00800392        0x0 ./MCAL/GIE/GIE_PROGRAM.o
 .bss           0x00800392        0x0 ./MCAL/EXTI/EXTI_PROGRAM.o
 .bss           0x00800392        0x0 ./MCAL/DIO/DIO_PROGAM.o
 .bss           0x00800392        0x0 ./MCAL/ADC/ADC_PROGRAM.o
 .bss           0x00800392        0x0 ./HAL/LOGIN/LOGIN.o
 .bss           0x00800392        0x0 ./HAL/LCD/LCD_PROGRAM.o
 .bss           0x00800392        0x0 ./HAL/DISP_OPT/DISP_OPT.o
 .bss           0x00800392        0x0 ./HAL/CONTROL/CONTROL.o
 .bss           0x00800392        0x0 ./APP/main.o
 .bss           0x00800392        0x0 d:/iti embedded training 2022/tools/01- imt sdk/imt_sdk_win_64/winavr/bin/../lib/gcc/avr/4.3.3/avr5\libgcc.a(_mulsi3.o)
 .bss           0x00800392        0x0 d:/iti embedded training 2022/tools/01- imt sdk/imt_sdk_win_64/winavr/bin/../lib/gcc/avr/4.3.3/avr5\libgcc.a(_divmodsi4.o)
 .bss           0x00800392        0x0 d:/iti embedded training 2022/tools/01- imt sdk/imt_sdk_win_64/winavr/bin/../lib/gcc/avr/4.3.3/avr5\libgcc.a(_exit.o)
 .bss           0x00800392        0x0 d:/iti embedded training 2022/tools/01- imt sdk/imt_sdk_win_64/winavr/bin/../lib/gcc/avr/4.3.3/avr5\libgcc.a(_copy_data.o)
 .bss           0x00800392        0x0 d:/iti embedded training 2022/tools/01- imt sdk/imt_sdk_win_64/winavr/bin/../lib/gcc/avr/4.3.3/avr5\libgcc.a(_clear_bss.o)
 .bss           0x00800392        0x0 d:/iti embedded training 2022/tools/01- imt sdk/imt_sdk_win_64/winavr/bin/../lib/gcc/avr/4.3.3/avr5\libgcc.a(_fixunssfsi.o)
 .bss           0x00800392        0x0 d:/iti embedded training 2022/tools/01- imt sdk/imt_sdk_win_64/winavr/bin/../lib/gcc/avr/4.3.3/avr5\libgcc.a(_floatundisf.o)
 .bss           0x00800392        0x0 d:/iti embedded training 2022/tools/01- imt sdk/imt_sdk_win_64/winavr/bin/../lib/gcc/avr/4.3.3/avr5\libgcc.a(_addsub_sf.o)
 .bss           0x00800392        0x0 d:/iti embedded training 2022/tools/01- imt sdk/imt_sdk_win_64/winavr/bin/../lib/gcc/avr/4.3.3/avr5\libgcc.a(_mul_sf.o)
 .bss           0x00800392        0x0 d:/iti embedded training 2022/tools/01- imt sdk/imt_sdk_win_64/winavr/bin/../lib/gcc/avr/4.3.3/avr5\libgcc.a(_div_sf.o)
 .bss           0x00800392        0x0 d:/iti embedded training 2022/tools/01- imt sdk/imt_sdk_win_64/winavr/bin/../lib/gcc/avr/4.3.3/avr5\libgcc.a(_ge_sf.o)
 .bss           0x00800392        0x0 d:/iti embedded training 2022/tools/01- imt sdk/imt_sdk_win_64/winavr/bin/../lib/gcc/avr/4.3.3/avr5\libgcc.a(_si_to_sf.o)
 .bss           0x00800392        0x0 d:/iti embedded training 2022/tools/01- imt sdk/imt_sdk_win_64/winavr/bin/../lib/gcc/avr/4.3.3/avr5\libgcc.a(_sf_to_si.o)
 .bss           0x00800392        0x0 d:/iti embedded training 2022/tools/01- imt sdk/imt_sdk_win_64/winavr/bin/../lib/gcc/avr/4.3.3/avr5\libgcc.a(_thenan_sf.o)
 .bss           0x00800392        0x0 d:/iti embedded training 2022/tools/01- imt sdk/imt_sdk_win_64/winavr/bin/../lib/gcc/avr/4.3.3/avr5\libgcc.a(_usi_to_sf.o)
 .bss           0x00800392        0x0 d:/iti embedded training 2022/tools/01- imt sdk/imt_sdk_win_64/winavr/bin/../lib/gcc/avr/4.3.3/avr5\libgcc.a(_udivmodsi4.o)
 .bss           0x00800392        0x0 d:/iti embedded training 2022/tools/01- imt sdk/imt_sdk_win_64/winavr/bin/../lib/gcc/avr/4.3.3/avr5\libgcc.a(_prologue.o)
 .bss           0x00800392        0x0 d:/iti embedded training 2022/tools/01- imt sdk/imt_sdk_win_64/winavr/bin/../lib/gcc/avr/4.3.3/avr5\libgcc.a(_epilogue.o)
 .bss           0x00800392        0x0 d:/iti embedded training 2022/tools/01- imt sdk/imt_sdk_win_64/winavr/bin/../lib/gcc/avr/4.3.3/avr5\libgcc.a(_lshrdi3.o)
 .bss           0x00800392        0x0 d:/iti embedded training 2022/tools/01- imt sdk/imt_sdk_win_64/winavr/bin/../lib/gcc/avr/4.3.3/avr5\libgcc.a(_clz.o)
 .bss           0x00800392        0x0 d:/iti embedded training 2022/tools/01- imt sdk/imt_sdk_win_64/winavr/bin/../lib/gcc/avr/4.3.3/avr5\libgcc.a(_clzsi2.o)
 .bss           0x00800392        0x0 d:/iti embedded training 2022/tools/01- imt sdk/imt_sdk_win_64/winavr/bin/../lib/gcc/avr/4.3.3/avr5\libgcc.a(_pack_sf.o)
 .bss           0x00800392        0x0 d:/iti embedded training 2022/tools/01- imt sdk/imt_sdk_win_64/winavr/bin/../lib/gcc/avr/4.3.3/avr5\libgcc.a(_unpack_sf.o)
 .bss           0x00800392        0x0 d:/iti embedded training 2022/tools/01- imt sdk/imt_sdk_win_64/winavr/bin/../lib/gcc/avr/4.3.3/avr5\libgcc.a(_fpcmp_parts_sf.o)
 *(.bss*)
 .bss.Global_pvTimer2OverFlowCallBack
                0x00800392        0x2 ./MCAL/Timer2/Timer2.o
                0x00800392                Global_pvTimer2OverFlowCallBack
 .bss.Global_pvTimer2CTCCallBack
                0x00800394        0x2 ./MCAL/Timer2/Timer2.o
                0x00800394                Global_pvTimer2CTCCallBack
 .bss.Global_pvTimerOverFlowCallBack
                0x00800396        0x2 ./MCAL/TIMER0/TIMER0_PROGRAM.o
                0x00800396                Global_pvTimerOverFlowCallBack
 .bss.Global_pvTimerCTCCallBack
                0x00800398        0x2 ./MCAL/TIMER0/TIMER0_PROGRAM.o
                0x00800398                Global_pvTimerCTCCallBack
 .bss.Local_Counter.1337
                0x0080039a        0x1 ./HAL/LOGIN/LOGIN.o
 .bss.flag3.1337
                0x0080039b        0x1 ./HAL/CONTROL/CONTROL.o
 .bss.flag2.1336
                0x0080039c        0x1 ./HAL/CONTROL/CONTROL.o
 .bss.flag.1335
                0x0080039d        0x1 ./HAL/CONTROL/CONTROL.o
 *(COMMON)
 COMMON         0x0080039e        0x1 ./HAL/LOGIN/LOGIN.o
                0x0080039e                Control_union
                0x0080039f                PROVIDE (__bss_end, .)
                0x0000349c                __data_load_start = LOADADDR (.data)
                0x000037ce                __data_load_end = (__data_load_start + SIZEOF (.data))

.noinit         0x0080039f        0x0
                0x0080039f                PROVIDE (__noinit_start, .)
 *(.noinit*)
                0x0080039f                PROVIDE (__noinit_end, .)
                0x0080039f                _end = .
                0x0080039f                PROVIDE (__heap_start, .)

.eeprom         0x00810000        0x0
 *(.eeprom*)
                0x00810000                __eeprom_end = .

.fuse
 *(.fuse)
 *(.lfuse)
 *(.hfuse)
 *(.efuse)

.lock
 *(.lock*)

.signature
 *(.signature*)

.stab           0x00000000     0x3e58
 *(.stab)
 .stab          0x00000000      0x468 ./MCAL/UART/UART.o
 .stab          0x00000468       0xfc ./MCAL/UART/UART_CONFIG.o
                                0x198 (size before relaxing)
 .stab          0x00000564      0x3fc ./MCAL/Timer2/Timer2.o
                                0x408 (size before relaxing)
 .stab          0x00000960      0x2a0 ./MCAL/TIMER1/TIMER1_PROGRAM.o
                                0x2ac (size before relaxing)
 .stab          0x00000c00      0x3fc ./MCAL/TIMER0/TIMER0_PROGRAM.o
                                0x408 (size before relaxing)
 .stab          0x00000ffc      0x354 ./MCAL/SPI/SPI.o
                                0x360 (size before relaxing)
 .stab          0x00001350      0x1bc ./MCAL/GIE/GIE_PROGRAM.o
                                0x1c8 (size before relaxing)
 .stab          0x0000150c      0x1ec ./MCAL/EXTI/EXTI_PROGRAM.o
                                0x1f8 (size before relaxing)
 .stab          0x000016f8      0x5b8 ./MCAL/DIO/DIO_PROGAM.o
                                0x5c4 (size before relaxing)
 .stab          0x00001cb0      0x234 ./MCAL/ADC/ADC_PROGRAM.o
                                0x240 (size before relaxing)
 .stab          0x00001ee4      0x4a4 ./HAL/LOGIN/LOGIN.o
                                0x4b0 (size before relaxing)
 .stab          0x00002388      0x90c ./HAL/LCD/LCD_PROGRAM.o
                                0x918 (size before relaxing)
 .stab          0x00002c94      0x9b4 ./HAL/DISP_OPT/DISP_OPT.o
                                0x9c0 (size before relaxing)
 .stab          0x00003648      0x630 ./HAL/CONTROL/CONTROL.o
                                0x63c (size before relaxing)
 .stab          0x00003c78      0x1e0 ./APP/main.o
                                0x1ec (size before relaxing)

.stabstr        0x00000000     0x168d
 *(.stabstr)
 .stabstr       0x00000000     0x168d ./MCAL/UART/UART.o

.stab.excl
 *(.stab.excl)

.stab.exclstr
 *(.stab.exclstr)

.stab.index
 *(.stab.index)

.stab.indexstr
 *(.stab.indexstr)

.comment
 *(.comment)

.debug
 *(.debug)

.line
 *(.line)

.debug_srcinfo
 *(.debug_srcinfo)

.debug_sfnames
 *(.debug_sfnames)

.debug_aranges  0x00000000      0x1c0
 *(.debug_aranges)
 .debug_aranges
                0x00000000       0x20 d:/iti embedded training 2022/tools/01- imt sdk/imt_sdk_win_64/winavr/bin/../lib/gcc/avr/4.3.3/avr5\libgcc.a(_fixunssfsi.o)
 .debug_aranges
                0x00000020       0x20 d:/iti embedded training 2022/tools/01- imt sdk/imt_sdk_win_64/winavr/bin/../lib/gcc/avr/4.3.3/avr5\libgcc.a(_floatundisf.o)
 .debug_aranges
                0x00000040       0x20 d:/iti embedded training 2022/tools/01- imt sdk/imt_sdk_win_64/winavr/bin/../lib/gcc/avr/4.3.3/avr5\libgcc.a(_addsub_sf.o)
 .debug_aranges
                0x00000060       0x20 d:/iti embedded training 2022/tools/01- imt sdk/imt_sdk_win_64/winavr/bin/../lib/gcc/avr/4.3.3/avr5\libgcc.a(_mul_sf.o)
 .debug_aranges
                0x00000080       0x20 d:/iti embedded training 2022/tools/01- imt sdk/imt_sdk_win_64/winavr/bin/../lib/gcc/avr/4.3.3/avr5\libgcc.a(_div_sf.o)
 .debug_aranges
                0x000000a0       0x20 d:/iti embedded training 2022/tools/01- imt sdk/imt_sdk_win_64/winavr/bin/../lib/gcc/avr/4.3.3/avr5\libgcc.a(_ge_sf.o)
 .debug_aranges
                0x000000c0       0x20 d:/iti embedded training 2022/tools/01- imt sdk/imt_sdk_win_64/winavr/bin/../lib/gcc/avr/4.3.3/avr5\libgcc.a(_si_to_sf.o)
 .debug_aranges
                0x000000e0       0x20 d:/iti embedded training 2022/tools/01- imt sdk/imt_sdk_win_64/winavr/bin/../lib/gcc/avr/4.3.3/avr5\libgcc.a(_sf_to_si.o)
 .debug_aranges
                0x00000100       0x20 d:/iti embedded training 2022/tools/01- imt sdk/imt_sdk_win_64/winavr/bin/../lib/gcc/avr/4.3.3/avr5\libgcc.a(_usi_to_sf.o)
 .debug_aranges
                0x00000120       0x20 d:/iti embedded training 2022/tools/01- imt sdk/imt_sdk_win_64/winavr/bin/../lib/gcc/avr/4.3.3/avr5\libgcc.a(_lshrdi3.o)
 .debug_aranges
                0x00000140       0x20 d:/iti embedded training 2022/tools/01- imt sdk/imt_sdk_win_64/winavr/bin/../lib/gcc/avr/4.3.3/avr5\libgcc.a(_clzsi2.o)
 .debug_aranges
                0x00000160       0x20 d:/iti embedded training 2022/tools/01- imt sdk/imt_sdk_win_64/winavr/bin/../lib/gcc/avr/4.3.3/avr5\libgcc.a(_pack_sf.o)
 .debug_aranges
                0x00000180       0x20 d:/iti embedded training 2022/tools/01- imt sdk/imt_sdk_win_64/winavr/bin/../lib/gcc/avr/4.3.3/avr5\libgcc.a(_unpack_sf.o)
 .debug_aranges
                0x000001a0       0x20 d:/iti embedded training 2022/tools/01- imt sdk/imt_sdk_win_64/winavr/bin/../lib/gcc/avr/4.3.3/avr5\libgcc.a(_fpcmp_parts_sf.o)

.debug_pubnames
                0x00000000      0x21c
 *(.debug_pubnames)
 .debug_pubnames
                0x00000000       0x23 d:/iti embedded training 2022/tools/01- imt sdk/imt_sdk_win_64/winavr/bin/../lib/gcc/avr/4.3.3/avr5\libgcc.a(_fixunssfsi.o)
 .debug_pubnames
                0x00000023       0x24 d:/iti embedded training 2022/tools/01- imt sdk/imt_sdk_win_64/winavr/bin/../lib/gcc/avr/4.3.3/avr5\libgcc.a(_floatundisf.o)
 .debug_pubnames
                0x00000047       0x2c d:/iti embedded training 2022/tools/01- imt sdk/imt_sdk_win_64/winavr/bin/../lib/gcc/avr/4.3.3/avr5\libgcc.a(_addsub_sf.o)
 .debug_pubnames
                0x00000073       0x1f d:/iti embedded training 2022/tools/01- imt sdk/imt_sdk_win_64/winavr/bin/../lib/gcc/avr/4.3.3/avr5\libgcc.a(_mul_sf.o)
 .debug_pubnames
                0x00000092       0x1f d:/iti embedded training 2022/tools/01- imt sdk/imt_sdk_win_64/winavr/bin/../lib/gcc/avr/4.3.3/avr5\libgcc.a(_div_sf.o)
 .debug_pubnames
                0x000000b1       0x1e d:/iti embedded training 2022/tools/01- imt sdk/imt_sdk_win_64/winavr/bin/../lib/gcc/avr/4.3.3/avr5\libgcc.a(_ge_sf.o)
 .debug_pubnames
                0x000000cf       0x22 d:/iti embedded training 2022/tools/01- imt sdk/imt_sdk_win_64/winavr/bin/../lib/gcc/avr/4.3.3/avr5\libgcc.a(_si_to_sf.o)
 .debug_pubnames
                0x000000f1       0x20 d:/iti embedded training 2022/tools/01- imt sdk/imt_sdk_win_64/winavr/bin/../lib/gcc/avr/4.3.3/avr5\libgcc.a(_sf_to_si.o)
 .debug_pubnames
                0x00000111       0x22 d:/iti embedded training 2022/tools/01- imt sdk/imt_sdk_win_64/winavr/bin/../lib/gcc/avr/4.3.3/avr5\libgcc.a(_thenan_sf.o)
 .debug_pubnames
                0x00000133       0x24 d:/iti embedded training 2022/tools/01- imt sdk/imt_sdk_win_64/winavr/bin/../lib/gcc/avr/4.3.3/avr5\libgcc.a(_usi_to_sf.o)
 .debug_pubnames
                0x00000157       0x20 d:/iti embedded training 2022/tools/01- imt sdk/imt_sdk_win_64/winavr/bin/../lib/gcc/avr/4.3.3/avr5\libgcc.a(_lshrdi3.o)
 .debug_pubnames
                0x00000177       0x20 d:/iti embedded training 2022/tools/01- imt sdk/imt_sdk_win_64/winavr/bin/../lib/gcc/avr/4.3.3/avr5\libgcc.a(_clz.o)
 .debug_pubnames
                0x00000197       0x1f d:/iti embedded training 2022/tools/01- imt sdk/imt_sdk_win_64/winavr/bin/../lib/gcc/avr/4.3.3/avr5\libgcc.a(_clzsi2.o)
 .debug_pubnames
                0x000001b6       0x1f d:/iti embedded training 2022/tools/01- imt sdk/imt_sdk_win_64/winavr/bin/../lib/gcc/avr/4.3.3/avr5\libgcc.a(_pack_sf.o)
 .debug_pubnames
                0x000001d5       0x21 d:/iti embedded training 2022/tools/01- imt sdk/imt_sdk_win_64/winavr/bin/../lib/gcc/avr/4.3.3/avr5\libgcc.a(_unpack_sf.o)
 .debug_pubnames
                0x000001f6       0x26 d:/iti embedded training 2022/tools/01- imt sdk/imt_sdk_win_64/winavr/bin/../lib/gcc/avr/4.3.3/avr5\libgcc.a(_fpcmp_parts_sf.o)

.debug_info     0x00000000     0x23f5
 *(.debug_info)
 .debug_info    0x00000000       0xb1 d:/iti embedded training 2022/tools/01- imt sdk/imt_sdk_win_64/winavr/bin/../lib/gcc/avr/4.3.3/avr5\libgcc.a(_fixunssfsi.o)
 .debug_info    0x000000b1      0x162 d:/iti embedded training 2022/tools/01- imt sdk/imt_sdk_win_64/winavr/bin/../lib/gcc/avr/4.3.3/avr5\libgcc.a(_floatundisf.o)
 .debug_info    0x00000213      0x47a d:/iti embedded training 2022/tools/01- imt sdk/imt_sdk_win_64/winavr/bin/../lib/gcc/avr/4.3.3/avr5\libgcc.a(_addsub_sf.o)
 .debug_info    0x0000068d      0x485 d:/iti embedded training 2022/tools/01- imt sdk/imt_sdk_win_64/winavr/bin/../lib/gcc/avr/4.3.3/avr5\libgcc.a(_mul_sf.o)
 .debug_info    0x00000b12      0x3fc d:/iti embedded training 2022/tools/01- imt sdk/imt_sdk_win_64/winavr/bin/../lib/gcc/avr/4.3.3/avr5\libgcc.a(_div_sf.o)
 .debug_info    0x00000f0e      0x27f d:/iti embedded training 2022/tools/01- imt sdk/imt_sdk_win_64/winavr/bin/../lib/gcc/avr/4.3.3/avr5\libgcc.a(_ge_sf.o)
 .debug_info    0x0000118d      0x207 d:/iti embedded training 2022/tools/01- imt sdk/imt_sdk_win_64/winavr/bin/../lib/gcc/avr/4.3.3/avr5\libgcc.a(_si_to_sf.o)
 .debug_info    0x00001394      0x2b0 d:/iti embedded training 2022/tools/01- imt sdk/imt_sdk_win_64/winavr/bin/../lib/gcc/avr/4.3.3/avr5\libgcc.a(_sf_to_si.o)
 .debug_info    0x00001644      0x12c d:/iti embedded training 2022/tools/01- imt sdk/imt_sdk_win_64/winavr/bin/../lib/gcc/avr/4.3.3/avr5\libgcc.a(_thenan_sf.o)
 .debug_info    0x00001770      0x206 d:/iti embedded training 2022/tools/01- imt sdk/imt_sdk_win_64/winavr/bin/../lib/gcc/avr/4.3.3/avr5\libgcc.a(_usi_to_sf.o)
 .debug_info    0x00001976      0x17f d:/iti embedded training 2022/tools/01- imt sdk/imt_sdk_win_64/winavr/bin/../lib/gcc/avr/4.3.3/avr5\libgcc.a(_lshrdi3.o)
 .debug_info    0x00001af5       0xa9 d:/iti embedded training 2022/tools/01- imt sdk/imt_sdk_win_64/winavr/bin/../lib/gcc/avr/4.3.3/avr5\libgcc.a(_clz.o)
 .debug_info    0x00001b9e      0x117 d:/iti embedded training 2022/tools/01- imt sdk/imt_sdk_win_64/winavr/bin/../lib/gcc/avr/4.3.3/avr5\libgcc.a(_clzsi2.o)
 .debug_info    0x00001cb5      0x2df d:/iti embedded training 2022/tools/01- imt sdk/imt_sdk_win_64/winavr/bin/../lib/gcc/avr/4.3.3/avr5\libgcc.a(_pack_sf.o)
 .debug_info    0x00001f94      0x251 d:/iti embedded training 2022/tools/01- imt sdk/imt_sdk_win_64/winavr/bin/../lib/gcc/avr/4.3.3/avr5\libgcc.a(_unpack_sf.o)
 .debug_info    0x000021e5      0x210 d:/iti embedded training 2022/tools/01- imt sdk/imt_sdk_win_64/winavr/bin/../lib/gcc/avr/4.3.3/avr5\libgcc.a(_fpcmp_parts_sf.o)
 *(.gnu.linkonce.wi.*)

.debug_abbrev   0x00000000     0x13db
 *(.debug_abbrev)
 .debug_abbrev  0x00000000       0x5d d:/iti embedded training 2022/tools/01- imt sdk/imt_sdk_win_64/winavr/bin/../lib/gcc/avr/4.3.3/avr5\libgcc.a(_fixunssfsi.o)
 .debug_abbrev  0x0000005d       0xd3 d:/iti embedded training 2022/tools/01- imt sdk/imt_sdk_win_64/winavr/bin/../lib/gcc/avr/4.3.3/avr5\libgcc.a(_floatundisf.o)
 .debug_abbrev  0x00000130      0x1ea d:/iti embedded training 2022/tools/01- imt sdk/imt_sdk_win_64/winavr/bin/../lib/gcc/avr/4.3.3/avr5\libgcc.a(_addsub_sf.o)
 .debug_abbrev  0x0000031a      0x21b d:/iti embedded training 2022/tools/01- imt sdk/imt_sdk_win_64/winavr/bin/../lib/gcc/avr/4.3.3/avr5\libgcc.a(_mul_sf.o)
 .debug_abbrev  0x00000535      0x216 d:/iti embedded training 2022/tools/01- imt sdk/imt_sdk_win_64/winavr/bin/../lib/gcc/avr/4.3.3/avr5\libgcc.a(_div_sf.o)
 .debug_abbrev  0x0000074b      0x15a d:/iti embedded training 2022/tools/01- imt sdk/imt_sdk_win_64/winavr/bin/../lib/gcc/avr/4.3.3/avr5\libgcc.a(_ge_sf.o)
 .debug_abbrev  0x000008a5      0x148 d:/iti embedded training 2022/tools/01- imt sdk/imt_sdk_win_64/winavr/bin/../lib/gcc/avr/4.3.3/avr5\libgcc.a(_si_to_sf.o)
 .debug_abbrev  0x000009ed      0x17f d:/iti embedded training 2022/tools/01- imt sdk/imt_sdk_win_64/winavr/bin/../lib/gcc/avr/4.3.3/avr5\libgcc.a(_sf_to_si.o)
 .debug_abbrev  0x00000b6c       0xad d:/iti embedded training 2022/tools/01- imt sdk/imt_sdk_win_64/winavr/bin/../lib/gcc/avr/4.3.3/avr5\libgcc.a(_thenan_sf.o)
 .debug_abbrev  0x00000c19      0x157 d:/iti embedded training 2022/tools/01- imt sdk/imt_sdk_win_64/winavr/bin/../lib/gcc/avr/4.3.3/avr5\libgcc.a(_usi_to_sf.o)
 .debug_abbrev  0x00000d70       0xee d:/iti embedded training 2022/tools/01- imt sdk/imt_sdk_win_64/winavr/bin/../lib/gcc/avr/4.3.3/avr5\libgcc.a(_lshrdi3.o)
 .debug_abbrev  0x00000e5e       0x6a d:/iti embedded training 2022/tools/01- imt sdk/imt_sdk_win_64/winavr/bin/../lib/gcc/avr/4.3.3/avr5\libgcc.a(_clz.o)
 .debug_abbrev  0x00000ec8       0xc4 d:/iti embedded training 2022/tools/01- imt sdk/imt_sdk_win_64/winavr/bin/../lib/gcc/avr/4.3.3/avr5\libgcc.a(_clzsi2.o)
 .debug_abbrev  0x00000f8c      0x1c0 d:/iti embedded training 2022/tools/01- imt sdk/imt_sdk_win_64/winavr/bin/../lib/gcc/avr/4.3.3/avr5\libgcc.a(_pack_sf.o)
 .debug_abbrev  0x0000114c      0x154 d:/iti embedded training 2022/tools/01- imt sdk/imt_sdk_win_64/winavr/bin/../lib/gcc/avr/4.3.3/avr5\libgcc.a(_unpack_sf.o)
 .debug_abbrev  0x000012a0      0x13b d:/iti embedded training 2022/tools/01- imt sdk/imt_sdk_win_64/winavr/bin/../lib/gcc/avr/4.3.3/avr5\libgcc.a(_fpcmp_parts_sf.o)

.debug_line     0x00000000     0x1339
 *(.debug_line)
 .debug_line    0x00000000       0xa7 d:/iti embedded training 2022/tools/01- imt sdk/imt_sdk_win_64/winavr/bin/../lib/gcc/avr/4.3.3/avr5\libgcc.a(_fixunssfsi.o)
 .debug_line    0x000000a7       0xfd d:/iti embedded training 2022/tools/01- imt sdk/imt_sdk_win_64/winavr/bin/../lib/gcc/avr/4.3.3/avr5\libgcc.a(_floatundisf.o)
 .debug_line    0x000001a4      0x2af d:/iti embedded training 2022/tools/01- imt sdk/imt_sdk_win_64/winavr/bin/../lib/gcc/avr/4.3.3/avr5\libgcc.a(_addsub_sf.o)
 .debug_line    0x00000453      0x239 d:/iti embedded training 2022/tools/01- imt sdk/imt_sdk_win_64/winavr/bin/../lib/gcc/avr/4.3.3/avr5\libgcc.a(_mul_sf.o)
 .debug_line    0x0000068c      0x1d5 d:/iti embedded training 2022/tools/01- imt sdk/imt_sdk_win_64/winavr/bin/../lib/gcc/avr/4.3.3/avr5\libgcc.a(_div_sf.o)
 .debug_line    0x00000861       0xd3 d:/iti embedded training 2022/tools/01- imt sdk/imt_sdk_win_64/winavr/bin/../lib/gcc/avr/4.3.3/avr5\libgcc.a(_ge_sf.o)
 .debug_line    0x00000934      0x135 d:/iti embedded training 2022/tools/01- imt sdk/imt_sdk_win_64/winavr/bin/../lib/gcc/avr/4.3.3/avr5\libgcc.a(_si_to_sf.o)
 .debug_line    0x00000a69      0x109 d:/iti embedded training 2022/tools/01- imt sdk/imt_sdk_win_64/winavr/bin/../lib/gcc/avr/4.3.3/avr5\libgcc.a(_sf_to_si.o)
 .debug_line    0x00000b72       0x90 d:/iti embedded training 2022/tools/01- imt sdk/imt_sdk_win_64/winavr/bin/../lib/gcc/avr/4.3.3/avr5\libgcc.a(_thenan_sf.o)
 .debug_line    0x00000c02      0x133 d:/iti embedded training 2022/tools/01- imt sdk/imt_sdk_win_64/winavr/bin/../lib/gcc/avr/4.3.3/avr5\libgcc.a(_usi_to_sf.o)
 .debug_line    0x00000d35       0xd7 d:/iti embedded training 2022/tools/01- imt sdk/imt_sdk_win_64/winavr/bin/../lib/gcc/avr/4.3.3/avr5\libgcc.a(_lshrdi3.o)
 .debug_line    0x00000e0c       0x7c d:/iti embedded training 2022/tools/01- imt sdk/imt_sdk_win_64/winavr/bin/../lib/gcc/avr/4.3.3/avr5\libgcc.a(_clz.o)
 .debug_line    0x00000e88       0xa5 d:/iti embedded training 2022/tools/01- imt sdk/imt_sdk_win_64/winavr/bin/../lib/gcc/avr/4.3.3/avr5\libgcc.a(_clzsi2.o)
 .debug_line    0x00000f2d      0x18a d:/iti embedded training 2022/tools/01- imt sdk/imt_sdk_win_64/winavr/bin/../lib/gcc/avr/4.3.3/avr5\libgcc.a(_pack_sf.o)
 .debug_line    0x000010b7      0x14b d:/iti embedded training 2022/tools/01- imt sdk/imt_sdk_win_64/winavr/bin/../lib/gcc/avr/4.3.3/avr5\libgcc.a(_unpack_sf.o)
 .debug_line    0x00001202      0x137 d:/iti embedded training 2022/tools/01- imt sdk/imt_sdk_win_64/winavr/bin/../lib/gcc/avr/4.3.3/avr5\libgcc.a(_fpcmp_parts_sf.o)

.debug_frame    0x00000000      0x1e0
 *(.debug_frame)
 .debug_frame   0x00000000       0x20 d:/iti embedded training 2022/tools/01- imt sdk/imt_sdk_win_64/winavr/bin/../lib/gcc/avr/4.3.3/avr5\libgcc.a(_fixunssfsi.o)
 .debug_frame   0x00000020       0x20 d:/iti embedded training 2022/tools/01- imt sdk/imt_sdk_win_64/winavr/bin/../lib/gcc/avr/4.3.3/avr5\libgcc.a(_floatundisf.o)
 .debug_frame   0x00000040       0x40 d:/iti embedded training 2022/tools/01- imt sdk/imt_sdk_win_64/winavr/bin/../lib/gcc/avr/4.3.3/avr5\libgcc.a(_addsub_sf.o)
 .debug_frame   0x00000080       0x20 d:/iti embedded training 2022/tools/01- imt sdk/imt_sdk_win_64/winavr/bin/../lib/gcc/avr/4.3.3/avr5\libgcc.a(_mul_sf.o)
 .debug_frame   0x000000a0       0x20 d:/iti embedded training 2022/tools/01- imt sdk/imt_sdk_win_64/winavr/bin/../lib/gcc/avr/4.3.3/avr5\libgcc.a(_div_sf.o)
 .debug_frame   0x000000c0       0x20 d:/iti embedded training 2022/tools/01- imt sdk/imt_sdk_win_64/winavr/bin/../lib/gcc/avr/4.3.3/avr5\libgcc.a(_ge_sf.o)
 .debug_frame   0x000000e0       0x20 d:/iti embedded training 2022/tools/01- imt sdk/imt_sdk_win_64/winavr/bin/../lib/gcc/avr/4.3.3/avr5\libgcc.a(_si_to_sf.o)
 .debug_frame   0x00000100       0x20 d:/iti embedded training 2022/tools/01- imt sdk/imt_sdk_win_64/winavr/bin/../lib/gcc/avr/4.3.3/avr5\libgcc.a(_sf_to_si.o)
 .debug_frame   0x00000120       0x20 d:/iti embedded training 2022/tools/01- imt sdk/imt_sdk_win_64/winavr/bin/../lib/gcc/avr/4.3.3/avr5\libgcc.a(_usi_to_sf.o)
 .debug_frame   0x00000140       0x20 d:/iti embedded training 2022/tools/01- imt sdk/imt_sdk_win_64/winavr/bin/../lib/gcc/avr/4.3.3/avr5\libgcc.a(_lshrdi3.o)
 .debug_frame   0x00000160       0x20 d:/iti embedded training 2022/tools/01- imt sdk/imt_sdk_win_64/winavr/bin/../lib/gcc/avr/4.3.3/avr5\libgcc.a(_clzsi2.o)
 .debug_frame   0x00000180       0x20 d:/iti embedded training 2022/tools/01- imt sdk/imt_sdk_win_64/winavr/bin/../lib/gcc/avr/4.3.3/avr5\libgcc.a(_pack_sf.o)
 .debug_frame   0x000001a0       0x20 d:/iti embedded training 2022/tools/01- imt sdk/imt_sdk_win_64/winavr/bin/../lib/gcc/avr/4.3.3/avr5\libgcc.a(_unpack_sf.o)
 .debug_frame   0x000001c0       0x20 d:/iti embedded training 2022/tools/01- imt sdk/imt_sdk_win_64/winavr/bin/../lib/gcc/avr/4.3.3/avr5\libgcc.a(_fpcmp_parts_sf.o)

.debug_str      0x00000000      0x347
 *(.debug_str)
 .debug_str     0x00000000       0xbf d:/iti embedded training 2022/tools/01- imt sdk/imt_sdk_win_64/winavr/bin/../lib/gcc/avr/4.3.3/avr5\libgcc.a(_fixunssfsi.o)
                                 0xfe (size before relaxing)
 .debug_str     0x000000bf       0x39 d:/iti embedded training 2022/tools/01- imt sdk/imt_sdk_win_64/winavr/bin/../lib/gcc/avr/4.3.3/avr5\libgcc.a(_floatundisf.o)
                                0x12a (size before relaxing)
 .debug_str     0x000000f8      0x14d d:/iti embedded training 2022/tools/01- imt sdk/imt_sdk_win_64/winavr/bin/../lib/gcc/avr/4.3.3/avr5\libgcc.a(_addsub_sf.o)
                                0x206 (size before relaxing)
 .debug_str     0x00000245       0x27 d:/iti embedded training 2022/tools/01- imt sdk/imt_sdk_win_64/winavr/bin/../lib/gcc/avr/4.3.3/avr5\libgcc.a(_mul_sf.o)
                                0x1bf (size before relaxing)
 .debug_str     0x0000026c       0x35 d:/iti embedded training 2022/tools/01- imt sdk/imt_sdk_win_64/winavr/bin/../lib/gcc/avr/4.3.3/avr5\libgcc.a(_div_sf.o)
                                0x1c8 (size before relaxing)
 .debug_str     0x000002a1        0x8 d:/iti embedded training 2022/tools/01- imt sdk/imt_sdk_win_64/winavr/bin/../lib/gcc/avr/4.3.3/avr5\libgcc.a(_ge_sf.o)
                                0x195 (size before relaxing)
 .debug_str     0x000002a9       0x18 d:/iti embedded training 2022/tools/01- imt sdk/imt_sdk_win_64/winavr/bin/../lib/gcc/avr/4.3.3/avr5\libgcc.a(_si_to_sf.o)
                                0x17b (size before relaxing)
 .debug_str     0x000002c1        0xa d:/iti embedded training 2022/tools/01- imt sdk/imt_sdk_win_64/winavr/bin/../lib/gcc/avr/4.3.3/avr5\libgcc.a(_sf_to_si.o)
                                0x19e (size before relaxing)
 .debug_str     0x00000000      0x103 d:/iti embedded training 2022/tools/01- imt sdk/imt_sdk_win_64/winavr/bin/../lib/gcc/avr/4.3.3/avr5\libgcc.a(_thenan_sf.o)
 .debug_str     0x000002cb       0x14 d:/iti embedded training 2022/tools/01- imt sdk/imt_sdk_win_64/winavr/bin/../lib/gcc/avr/4.3.3/avr5\libgcc.a(_usi_to_sf.o)
                                0x177 (size before relaxing)
 .debug_str     0x000002df       0x34 d:/iti embedded training 2022/tools/01- imt sdk/imt_sdk_win_64/winavr/bin/../lib/gcc/avr/4.3.3/avr5\libgcc.a(_lshrdi3.o)
                                0x131 (size before relaxing)
 .debug_str     0x00000000       0xf4 d:/iti embedded training 2022/tools/01- imt sdk/imt_sdk_win_64/winavr/bin/../lib/gcc/avr/4.3.3/avr5\libgcc.a(_clz.o)
 .debug_str     0x00000313        0x9 d:/iti embedded training 2022/tools/01- imt sdk/imt_sdk_win_64/winavr/bin/../lib/gcc/avr/4.3.3/avr5\libgcc.a(_clzsi2.o)
                                0x111 (size before relaxing)
 .debug_str     0x0000031c       0x10 d:/iti embedded training 2022/tools/01- imt sdk/imt_sdk_win_64/winavr/bin/../lib/gcc/avr/4.3.3/avr5\libgcc.a(_pack_sf.o)
                                0x19d (size before relaxing)
 .debug_str     0x0000032c        0xb d:/iti embedded training 2022/tools/01- imt sdk/imt_sdk_win_64/winavr/bin/../lib/gcc/avr/4.3.3/avr5\libgcc.a(_unpack_sf.o)
                                0x17f (size before relaxing)
 .debug_str     0x00000337       0x10 d:/iti embedded training 2022/tools/01- imt sdk/imt_sdk_win_64/winavr/bin/../lib/gcc/avr/4.3.3/avr5\libgcc.a(_fpcmp_parts_sf.o)
                                0x163 (size before relaxing)

.debug_loc      0x00000000      0xc84
 *(.debug_loc)
 .debug_loc     0x00000000       0x34 d:/iti embedded training 2022/tools/01- imt sdk/imt_sdk_win_64/winavr/bin/../lib/gcc/avr/4.3.3/avr5\libgcc.a(_fixunssfsi.o)
 .debug_loc     0x00000034      0x1ea d:/iti embedded training 2022/tools/01- imt sdk/imt_sdk_win_64/winavr/bin/../lib/gcc/avr/4.3.3/avr5\libgcc.a(_floatundisf.o)
 .debug_loc     0x0000021e      0x32a d:/iti embedded training 2022/tools/01- imt sdk/imt_sdk_win_64/winavr/bin/../lib/gcc/avr/4.3.3/avr5\libgcc.a(_addsub_sf.o)
 .debug_loc     0x00000548      0x104 d:/iti embedded training 2022/tools/01- imt sdk/imt_sdk_win_64/winavr/bin/../lib/gcc/avr/4.3.3/avr5\libgcc.a(_mul_sf.o)
 .debug_loc     0x0000064c       0xc0 d:/iti embedded training 2022/tools/01- imt sdk/imt_sdk_win_64/winavr/bin/../lib/gcc/avr/4.3.3/avr5\libgcc.a(_div_sf.o)
 .debug_loc     0x0000070c       0x3c d:/iti embedded training 2022/tools/01- imt sdk/imt_sdk_win_64/winavr/bin/../lib/gcc/avr/4.3.3/avr5\libgcc.a(_ge_sf.o)
 .debug_loc     0x00000748       0xac d:/iti embedded training 2022/tools/01- imt sdk/imt_sdk_win_64/winavr/bin/../lib/gcc/avr/4.3.3/avr5\libgcc.a(_si_to_sf.o)
 .debug_loc     0x000007f4       0x7e d:/iti embedded training 2022/tools/01- imt sdk/imt_sdk_win_64/winavr/bin/../lib/gcc/avr/4.3.3/avr5\libgcc.a(_sf_to_si.o)
 .debug_loc     0x00000872       0x4c d:/iti embedded training 2022/tools/01- imt sdk/imt_sdk_win_64/winavr/bin/../lib/gcc/avr/4.3.3/avr5\libgcc.a(_usi_to_sf.o)
 .debug_loc     0x000008be       0xf8 d:/iti embedded training 2022/tools/01- imt sdk/imt_sdk_win_64/winavr/bin/../lib/gcc/avr/4.3.3/avr5\libgcc.a(_lshrdi3.o)
 .debug_loc     0x000009b6       0x94 d:/iti embedded training 2022/tools/01- imt sdk/imt_sdk_win_64/winavr/bin/../lib/gcc/avr/4.3.3/avr5\libgcc.a(_clzsi2.o)
 .debug_loc     0x00000a4a      0x13e d:/iti embedded training 2022/tools/01- imt sdk/imt_sdk_win_64/winavr/bin/../lib/gcc/avr/4.3.3/avr5\libgcc.a(_pack_sf.o)
 .debug_loc     0x00000b88       0xac d:/iti embedded training 2022/tools/01- imt sdk/imt_sdk_win_64/winavr/bin/../lib/gcc/avr/4.3.3/avr5\libgcc.a(_unpack_sf.o)
 .debug_loc     0x00000c34       0x50 d:/iti embedded training 2022/tools/01- imt sdk/imt_sdk_win_64/winavr/bin/../lib/gcc/avr/4.3.3/avr5\libgcc.a(_fpcmp_parts_sf.o)

.debug_macinfo
 *(.debug_macinfo)
OUTPUT(Smart_Home_MC1.elf elf32-avr)
LOAD linker stubs

.debug_ranges   0x00000000       0x50
 .debug_ranges  0x00000000       0x50 d:/iti embedded training 2022/tools/01- imt sdk/imt_sdk_win_64/winavr/bin/../lib/gcc/avr/4.3.3/avr5\libgcc.a(_mul_sf.o)
